Archive member included to satisfy reference by file (symbol)

/home/dark/.pico-sdk/toolchain/14_2_Rel1/bin/../lib/gcc/arm-none-eabi/14.2.1/thumb/v6-m/nofp/libgcc.a(_dvmd_tls.o)
                              src/CMakeFiles/final.dir/home/dark/.pico-sdk/sdk/2.2.0/src/rp2_common/pico_divider/divider_hardware.S.o (__aeabi_idiv0)
/home/dark/.pico-sdk/toolchain/14_2_Rel1/bin/../lib/gcc/arm-none-eabi/14.2.1/../../../../arm-none-eabi/lib/thumb/v6-m/nofp/libg.a(libc_a-atof.o)
                              src/CMakeFiles/final.dir/modules/gps_module/gps.c.o (atof)
/home/dark/.pico-sdk/toolchain/14_2_Rel1/bin/../lib/gcc/arm-none-eabi/14.2.1/../../../../arm-none-eabi/lib/thumb/v6-m/nofp/libg.a(libc_a-calloc.o)
                              src/CMakeFiles/final.dir/home/dark/.pico-sdk/sdk/2.2.0/src/rp2_common/pico_malloc/malloc.c.o (calloc)
/home/dark/.pico-sdk/toolchain/14_2_Rel1/bin/../lib/gcc/arm-none-eabi/14.2.1/../../../../arm-none-eabi/lib/thumb/v6-m/nofp/libg.a(libc_a-callocr.o)
                              /home/dark/.pico-sdk/toolchain/14_2_Rel1/bin/../lib/gcc/arm-none-eabi/14.2.1/../../../../arm-none-eabi/lib/thumb/v6-m/nofp/libg.a(libc_a-calloc.o) (_calloc_r)
/home/dark/.pico-sdk/toolchain/14_2_Rel1/bin/../lib/gcc/arm-none-eabi/14.2.1/../../../../arm-none-eabi/lib/thumb/v6-m/nofp/libg.a(libc_a-malloc.o)
                              src/CMakeFiles/final.dir/home/dark/.pico-sdk/sdk/2.2.0/src/rp2_common/pico_malloc/malloc.c.o (malloc)
/home/dark/.pico-sdk/toolchain/14_2_Rel1/bin/../lib/gcc/arm-none-eabi/14.2.1/../../../../arm-none-eabi/lib/thumb/v6-m/nofp/libg.a(libc_a-mallocr.o)
                              /home/dark/.pico-sdk/toolchain/14_2_Rel1/bin/../lib/gcc/arm-none-eabi/14.2.1/../../../../arm-none-eabi/lib/thumb/v6-m/nofp/libg.a(libc_a-callocr.o) (_malloc_r)
/home/dark/.pico-sdk/toolchain/14_2_Rel1/bin/../lib/gcc/arm-none-eabi/14.2.1/../../../../arm-none-eabi/lib/thumb/v6-m/nofp/libg.a(libc_a-mlock.o)
                              /home/dark/.pico-sdk/toolchain/14_2_Rel1/bin/../lib/gcc/arm-none-eabi/14.2.1/../../../../arm-none-eabi/lib/thumb/v6-m/nofp/libg.a(libc_a-mallocr.o) (__malloc_lock)
/home/dark/.pico-sdk/toolchain/14_2_Rel1/bin/../lib/gcc/arm-none-eabi/14.2.1/../../../../arm-none-eabi/lib/thumb/v6-m/nofp/libg.a(libc_a-realloc.o)
                              src/CMakeFiles/final.dir/home/dark/.pico-sdk/sdk/2.2.0/src/rp2_common/pico_malloc/malloc.c.o (realloc)
/home/dark/.pico-sdk/toolchain/14_2_Rel1/bin/../lib/gcc/arm-none-eabi/14.2.1/../../../../arm-none-eabi/lib/thumb/v6-m/nofp/libg.a(libc_a-reallocr.o)
                              /home/dark/.pico-sdk/toolchain/14_2_Rel1/bin/../lib/gcc/arm-none-eabi/14.2.1/../../../../arm-none-eabi/lib/thumb/v6-m/nofp/libg.a(libc_a-realloc.o) (_realloc_r)
/home/dark/.pico-sdk/toolchain/14_2_Rel1/bin/../lib/gcc/arm-none-eabi/14.2.1/../../../../arm-none-eabi/lib/thumb/v6-m/nofp/libg.a(libc_a-strtod.o)
                              /home/dark/.pico-sdk/toolchain/14_2_Rel1/bin/../lib/gcc/arm-none-eabi/14.2.1/../../../../arm-none-eabi/lib/thumb/v6-m/nofp/libg.a(libc_a-atof.o) (strtod)
/home/dark/.pico-sdk/toolchain/14_2_Rel1/bin/../lib/gcc/arm-none-eabi/14.2.1/../../../../arm-none-eabi/lib/thumb/v6-m/nofp/libg.a(libc_a-ctype_.o)
                              src/CMakeFiles/final.dir/home/dark/.pico-sdk/sdk/2.2.0/lib/tinyusb/src/tusb.c.o (_ctype_)
/home/dark/.pico-sdk/toolchain/14_2_Rel1/bin/../lib/gcc/arm-none-eabi/14.2.1/../../../../arm-none-eabi/lib/thumb/v6-m/nofp/libg.a(libc_a-memcmp.o)
                              src/CMakeFiles/final.dir/home/dark/.pico-sdk/sdk/2.2.0/src/rp2_common/pico_atomic/atomic.c.o (memcmp)
/home/dark/.pico-sdk/toolchain/14_2_Rel1/bin/../lib/gcc/arm-none-eabi/14.2.1/../../../../arm-none-eabi/lib/thumb/v6-m/nofp/libg.a(libc_a-memmove.o)
                              /home/dark/.pico-sdk/toolchain/14_2_Rel1/bin/../lib/gcc/arm-none-eabi/14.2.1/../../../../arm-none-eabi/lib/thumb/v6-m/nofp/libg.a(libc_a-reallocr.o) (memmove)
/home/dark/.pico-sdk/toolchain/14_2_Rel1/bin/../lib/gcc/arm-none-eabi/14.2.1/../../../../arm-none-eabi/lib/thumb/v6-m/nofp/libg.a(libc_a-strchr.o)
                              src/CMakeFiles/final.dir/__/lib/pico_fatfs/fatfs/ff.c.o (strchr)
/home/dark/.pico-sdk/toolchain/14_2_Rel1/bin/../lib/gcc/arm-none-eabi/14.2.1/../../../../arm-none-eabi/lib/thumb/v6-m/nofp/libg.a(libc_a-strncmp.o)
                              src/CMakeFiles/final.dir/modules/gps_module/gps.c.o (strncmp)
/home/dark/.pico-sdk/toolchain/14_2_Rel1/bin/../lib/gcc/arm-none-eabi/14.2.1/../../../../arm-none-eabi/lib/thumb/v6-m/nofp/libg.a(libc_a-strtok.o)
                              src/CMakeFiles/final.dir/modules/gps_module/gps.c.o (strtok)
/home/dark/.pico-sdk/toolchain/14_2_Rel1/bin/../lib/gcc/arm-none-eabi/14.2.1/../../../../arm-none-eabi/lib/thumb/v6-m/nofp/libg.a(libc_a-strtok_r.o)
[...]
Memory Configuration

Name             Origin             Length             Attributes
FLASH            0x10000000         0x00200000         xr
RAM              0x20000000         0x00040000         xrw
SCRATCH_X        0x20040000         0x00001000         xrw
SCRATCH_Y        0x20041000         0x00001000         xrw
*default*        0x00000000         0xffffffff

Linker script and memory map

LOAD /home/dark/.pico-sdk/toolchain/14_2_Rel1/bin/../lib/gcc/arm-none-eabi/14.2.1/thumb/v6-m/nofp/crti.o
LOAD /home/dark/.pico-sdk/toolchain/14_2_Rel1/bin/../lib/gcc/arm-none-eabi/14.2.1/thumb/v6-m/nofp/crtbegin.o
LOAD /home/dark/.pico-sdk/toolchain/14_2_Rel1/bin/../lib/gcc/arm-none-eabi/14.2.1/../../../../arm-none-eabi/lib/thumb/v6-m/nofp/crt0.o

.flash_begin    0x10000000        0x0
                0x10000000                        __flash_binary_start = .

.boot2          0x10000000      0x100
                0x10000000                        __boot2_start__ = .
 *(.boot2)
 .boot2         0x10000000      0x100 pico-sdk/src/rp2040/boot_stage2/CMakeFiles/bs2_default_library.dir/./bs2_default_padded_checksummed.S.o
                0x10000100                        __boot2_end__ = .
                0x00000001                        ASSERT (((__boot2_end__ - __boot2_start__) == 0x100), ERROR: Pico second stage bootloader must be 256 bytes in size)

.text           0x10000100    0x13d20
                0x10000100                        __logical_binary_start = .
 *(.vectors)
 .vectors       0x10000100       0xd4 src/CMakeFiles/final.dir/home/dark/.pico-sdk/sdk/2.2.0/src/rp2_common/pico_crt0/crt0.S.o
                0x10000100                __vectors
                0x10000100                __VECTOR_TABLE
                0x100001c0                isr_irq30
                0x100001c0                __unhandled_user_irq
                0x100001c0                isr_irq13
                0x100001c0                isr_irq27
                0x100001c0                isr_irq31
                0x100001c0                isr_irq5
                0x100001c0                isr_irq11
                0x100001c0                isr_irq23
                0x100001c0                isr_irq18
                0x100001c0                isr_irq28
                0x100001c0                isr_irq19
                0x100001c0                isr_irq0
                0x100001c0                isr_irq6
                0x100001c0                isr_irq22
                0x100001c0                isr_irq17
                0x100001c0                isr_irq14
                0x100001c0                __vectors_end
                0x100001c0                __default_isrs_start
                0x100001c0                isr_irq2
                0x100001c0                isr_irq10
                0x100001c0                isr_irq8
                0x100001c0                isr_irq24
                0x100001c0                isr_irq1
                0x100001c0                isr_irq7
                0x100001c0                isr_irq21
                0x100001c0                isr_irq20
                0x100001c0                isr_irq15
                0x100001c0                isr_irq25
                0x100001c0                isr_irq4
                0x100001c0                isr_irq16
                0x100001c0                isr_irq29
                0x100001c0                isr_irq26
                0x100001c0                isr_irq3
                0x100001c0                isr_irq12
                0x100001c0                isr_irq9
                0x100001c6                unhandled_user_irq_num_in_r0
                0x100001c8                isr_invalid
                0x100001ca                isr_nmi
                0x100001cc                isr_hardfault
                0x100001ce                isr_svcall
                0x100001d0                isr_pendsv
                0x100001d2                isr_systick
                0x100001d4                __default_isrs_end
 *(.binary_info_header)
 .binary_info_header
                0x100001d4       0x14 src/CMakeFiles/final.dir/home/dark/.pico-sdk/sdk/2.2.0/src/rp2_common/pico_crt0/crt0.S.o
                0x100001e8                        __binary_info_header_end = .
 *(.embedded_block)
                0x100001e8                        __embedded_block_end = .
 *(.reset)
 .reset         0x100001e8       0x9c src/CMakeFiles/final.dir/home/dark/.pico-sdk/sdk/2.2.0/src/rp2_common/pico_crt0/crt0.S.o
                0x100001e8                _entry_point
 *(.init)
 .init          0x10000284        0x4 /home/dark/.pico-sdk/toolchain/14_2_Rel1/bin/../lib/gcc/arm-none-eabi/14.2.1/thumb/v6-m/nofp/crti.o
                0x10000284                _init
 *(EXCLUDE_FILE(*libm.a: *libc.a:*lib_a-mem*.o *libgcc.a:) .text*)
 .text.register_tm_clones
                0x10000288       0x28 /home/dark/.pico-sdk/toolchain/14_2_Rel1/bin/../lib/gcc/arm-none-eabi/14.2.1/thumb/v6-m/nofp/crtbegin.o
 .text.frame_dummy
                0x100002b0       0x24 /home/dark/.pico-sdk/toolchain/14_2_Rel1/bin/../lib/gcc/arm-none-eabi/14.2.1/thumb/v6-m/nofp/crtbegin.o
 .text.vArmControlTask
                0x100002d4      0x2a4 src/CMakeFiles/final.dir/final.c.o
                0x100002d4                vArmControlTask
 .text.vThermalDetectionTask
                0x10000578      0x3a0 src/CMakeFiles/final.dir/final.c.o
                0x10000578                vThermalDetectionTask
 .text.main     0x10000918       0xcc src/CMakeFiles/final.dir/final.c.o
                0x10000918                main
 .text.ds3231_read_regs
                0x100009e4       0x54 src/CMakeFiles/final.dir/modules/DS3231RTC/DS3231.c.o
 .text.ds3231_write_regs
                0x10000a38       0x48 src/CMakeFiles/final.dir/modules/DS3231RTC/DS3231.c.o
 .text.bcd_to_dec
                0x10000a80       0x12 src/CMakeFiles/final.dir/modules/DS3231RTC/DS3231.c.o
                0x10000a80                bcd_to_dec
 .text.dec_to_bcd
                0x10000a92       0x1c src/CMakeFiles/final.dir/modules/DS3231RTC/DS3231.c.o
                0x10000a92                dec_to_bcd
 *fill*         0x10000aae        0x2 
 .text.DS3231_Init
                0x10000ab0       0x40 src/CMakeFiles/final.dir/modules/DS3231RTC/DS3231.c.o
                0x10000ab0                DS3231_Init
 .text.DS3231_ReadTime
                0x10000af0       0x7c src/CMakeFiles/final.dir/modules/DS3231RTC/DS3231.c.o
                0x10000af0                DS3231_ReadTime
 .text.DS3231_SetTime
                0x10000b6c       0x4a src/CMakeFiles/final.dir/modules/DS3231RTC/DS3231.c.o
                0x10000b6c                DS3231_SetTime
 *fill*         0x10000bb6        0x2 
 .text.DS3231_ReadDate
                0x10000bb8       0x4c src/CMakeFiles/final.dir/modules/DS3231RTC/DS3231.c.o
                0x10000bb8                DS3231_ReadDate
 .text.DS3231_SetDate
                0x10000c04       0x2e src/CMakeFiles/final.dir/modules/DS3231RTC/DS3231.c.o
                0x10000c04                DS3231_SetDate
 *fill*         0x10000c32        0x2 
 .text.pwm_init
                0x10000c34       0x34 src/CMakeFiles/final.dir/modules/servoMotor/mg90s.c.o
 .text.pwm_get_default_config
                0x10000c68       0x18 src/CMakeFiles/final.dir/modules/servoMotor/mg90s.c.o
 .text.pwm_set_chan_level
                0x10000c80       0x38 src/CMakeFiles/final.dir/modules/servoMotor/mg90s.c.o
 .text.clamp_u16
                0x10000cb8       0x12 src/CMakeFiles/final.dir/modules/servoMotor/mg90s.c.o
 *fill*         0x10000cca        0x2 
 .text.pwm_configure_50hz
                0x10000ccc       0xb4 src/CMakeFiles/final.dir/modules/servoMotor/mg90s.c.o
 .text.MG90S_SetPulseWidthUs
                0x10000d80       0x48 src/CMakeFiles/final.dir/modules/servoMotor/mg90s.c.o
                0x10000d80                MG90S_SetPulseWidthUs
 .text.MG90S_Initialize
                0x10000dc8       0x38 src/CMakeFiles/final.dir/modules/servoMotor/mg90s.c.o
                0x10000dc8                MG90S_Initialize
 .text.uart_getc
                0x10000e00       0x24 src/CMakeFiles/final.dir/modules/gps_module/gps.c.o
 .text.parse_gprmc
                0x10000e24       0xb8 src/CMakeFiles/final.dir/modules/gps_module/gps.c.o
                0x10000e24                parse_gprmc
 .text.nmea_to_decimal
                0x10000edc       0x84 src/CMakeFiles/final.dir/modules/gps_module/gps.c.o
                0x10000edc                nmea_to_decimal
 .text.gps_initialize
                0x10000f60       0x40 src/CMakeFiles/final.dir/modules/gps_module/gps.c.o
                0x10000f60                gps_initialize
 .text.gps_update
                0x10000fa0       0xf4 src/CMakeFiles/final.dir/modules/gps_module/gps.c.o
                0x10000fa0                gps_update
 .text.gps_get_latest_fix
                0x10001094       0x60 src/CMakeFiles/final.dir/modules/gps_module/gps.c.o
                0x10001094                gps_get_latest_fix
 .text.ValidateFrameData
                0x100010f4       0x40 src/CMakeFiles/final.dir/modules/thermal_camera/MLX90640_API.c.o
 .text.ValidateAuxData
                0x10001134       0xb4 src/CMakeFiles/final.dir/modules/thermal_camera/MLX90640_API.c.o
 .text.ExtractVDDParameters
                0x100011e8       0x28 src/CMakeFiles/final.dir/modules/thermal_camera/MLX90640_API.c.o
 .text.ExtractPTATParameters
                0x10001210       0xa8 src/CMakeFiles/final.dir/modules/thermal_camera/MLX90640_API.c.o
 .text.ExtractGainParameters
                0x100012b8        0x8 src/CMakeFiles/final.dir/modules/thermal_camera/MLX90640_API.c.o
 .text.ExtractTgcParameters
                0x100012c0       0x18 src/CMakeFiles/final.dir/modules/thermal_camera/MLX90640_API.c.o
 .text.ExtractResolutionParameters
                0x100012d8       0x10 src/CMakeFiles/final.dir/modules/thermal_camera/MLX90640_API.c.o
 .text.ExtractKsTaParameters
                0x100012e8       0x1c src/CMakeFiles/final.dir/modules/thermal_camera/MLX90640_API.c.o
 .text.ExtractKsToParameters
                0x10001304       0xc0 src/CMakeFiles/final.dir/modules/thermal_camera/MLX90640_API.c.o
 .text.ExtractOffsetParameters
                0x100013c4      0x190 src/CMakeFiles/final.dir/modules/thermal_camera/MLX90640_API.c.o
 .text.ExtractCILCParameters
                0x10001554       0xe0 src/CMakeFiles/final.dir/modules/thermal_camera/MLX90640_API.c.o
 .text.CheckAdjacentPixels
                0x10001634       0x30 src/CMakeFiles/final.dir/modules/thermal_camera/MLX90640_API.c.o
 .text.ExtractDeviatingPixels
                0x10001664      0x154 src/CMakeFiles/final.dir/modules/thermal_camera/MLX90640_API.c.o
 .text.ExtractCPParameters
                0x100017b8      0x1c4 src/CMakeFiles/final.dir/modules/thermal_camera/MLX90640_API.c.o
 .text.ExtractAlphaParameters
                0x1000197c      0x330 src/CMakeFiles/final.dir/modules/thermal_camera/MLX90640_API.c.o
 .text.ExtractKtaPixelParameters
                0x10001cac      0x250 src/CMakeFiles/final.dir/modules/thermal_camera/MLX90640_API.c.o
 .text.ExtractKvPixelParameters
                0x10001efc      0x214 src/CMakeFiles/final.dir/modules/thermal_camera/MLX90640_API.c.o
 .text.MLX90640_GetFrameData
                0x10002110       0xcc src/CMakeFiles/final.dir/modules/thermal_camera/MLX90640_API.c.o
                0x10002110                MLX90640_GetFrameData
 .text.MLX90640_ExtractParameters
                0x100021dc       0x74 src/CMakeFiles/final.dir/modules/thermal_camera/MLX90640_API.c.o
                0x100021dc                MLX90640_ExtractParameters
 .text.MLX90640_GetVdd
                0x10002250       0xb4 src/CMakeFiles/final.dir/modules/thermal_camera/MLX90640_API.c.o
                0x10002250                MLX90640_GetVdd
 .text.MLX90640_GetTa
                0x10002304       0xc0 src/CMakeFiles/final.dir/modules/thermal_camera/MLX90640_API.c.o
                0x10002304                MLX90640_GetTa
 .text.MLX90640_CalculateTo
                0x100023c4      0x6a4 src/CMakeFiles/final.dir/modules/thermal_camera/MLX90640_API.c.o
                0x100023c4                MLX90640_CalculateTo
 .text.mlx90640_read_words_raw
                0x10002a68       0x78 src/CMakeFiles/final.dir/modules/thermal_camera/MLX90640_I2C_Driver.c.o
 .text.mlx90640_read_words_chunked
                0x10002ae0       0x48 src/CMakeFiles/final.dir/modules/thermal_camera/MLX90640_I2C_Driver.c.o
 .text.MLX90640_I2CRead
                0x10002b28       0x18 src/CMakeFiles/final.dir/modules/thermal_camera/MLX90640_I2C_Driver.c.o
                0x10002b28                MLX90640_I2CRead
 .text.MLX90640_I2CWrite
                0x10002b40       0x38 src/CMakeFiles/final.dir/modules/thermal_camera/MLX90640_I2C_Driver.c.o
                0x10002b40                MLX90640_I2CWrite
 .text.MLX90640_I2CInit
                0x10002b78       0x38 src/CMakeFiles/final.dir/modules/thermal_camera/MLX90640_I2C_Driver.c.o
                0x10002b78                MLX90640_I2CInit
 .text.sd_logger_init
                0x10002bb0       0xc0 src/CMakeFiles/final.dir/modules/sdcard/sd_logger.c.o
                0x10002bb0                sd_logger_init
 .text.sd_log_arm_event
                0x10002c70       0xb4 src/CMakeFiles/final.dir/modules/sdcard/sd_logger.c.o
                0x10002c70                sd_log_arm_event
 .text.thermal_read_full_frame
                0x10002d24      0x118 src/CMakeFiles/final.dir/modules/thermal_camera/thermal_detection.c.o
                0x10002d24                thermal_read_full_frame
 .text.thermal_compute_frame_average
                0x10002e3c       0x5c src/CMakeFiles/final.dir/modules/thermal_camera/thermal_detection.c.o
                0x10002e3c                thermal_compute_frame_average
 .text.thermal_is_hot_pixel
                0x10002e98       0x34 src/CMakeFiles/final.dir/modules/thermal_camera/thermal_detection.c.o
                0x10002e98                thermal_is_hot_pixel
 .text.thermal_find_best_cluster
                0x10002ecc      0x1c0 src/CMakeFiles/final.dir/modules/thermal_camera/thermal_detection.c.o
                0x10002ecc                thermal_find_best_cluster
 .text.gpio_set_function
                0x1000308c       0x34 src/CMakeFiles/final.dir/home/dark/.pico-sdk/sdk/2.2.0/src/rp2_common/hardware_gpio/gpio.c.o
                0x1000308c                gpio_set_function
 .text.gpio_set_pulls
                0x100030c0       0x38 src/CMakeFiles/final.dir/home/dark/.pico-sdk/sdk/2.2.0/src/rp2_common/hardware_gpio/gpio.c.o
                0x100030c0                gpio_set_pulls
 .text.gpio_set_outover
                0x100030f8       0x24 src/CMakeFiles/final.dir/home/dark/.pico-sdk/sdk/2.2.0/src/rp2_common/hardware_gpio/gpio.c.o
                0x100030f8                gpio_set_outover
 .text.gpio_init
                0x1000311c       0x16 src/CMakeFiles/final.dir/home/dark/.pico-sdk/sdk/2.2.0/src/rp2_common/hardware_gpio/gpio.c.o
                0x1000311c                gpio_init
 *fill*         0x10003132        0x2 
 .text.rp2040_chip_version
                0x10003134       0x54 src/CMakeFiles/final.dir/home/dark/.pico-sdk/sdk/2.2.0/src/rp2040/pico_platform/platform.c.o
                0x10003134                rp2040_chip_version
 .text.panic    0x10003188       0x30 src/CMakeFiles/final.dir/home/dark/.pico-sdk/sdk/2.2.0/src/rp2_common/pico_platform_panic/panic.c.o
                0x10003188                panic
 .text.panic_unsupported
                0x100031b8        0xc src/CMakeFiles/final.dir/home/dark/.pico-sdk/sdk/2.2.0/src/rp2_common/pico_platform_panic/panic.c.o
                0x100031b8                panic_unsupported
 .text.hw_claim_lock
                0x100031c4       0x18 src/CMakeFiles/final.dir/home/dark/.pico-sdk/sdk/2.2.0/src/common/hardware_claim/claim.c.o
                0x100031c4                hw_claim_lock
 .text.hw_claim_unlock
                0x100031dc       0x14 src/CMakeFiles/final.dir/home/dark/.pico-sdk/sdk/2.2.0/src/common/hardware_claim/claim.c.o
                0x100031dc                hw_claim_unlock
 .text.hw_claim_or_assert
                0x100031f0       0x32 src/CMakeFiles/final.dir/home/dark/.pico-sdk/sdk/2.2.0/src/common/hardware_claim/claim.c.o
                0x100031f0                hw_claim_or_assert
 .text.hw_claim_unused_from_range
                0x10003222       0x50 src/CMakeFiles/final.dir/home/dark/.pico-sdk/sdk/2.2.0/src/common/hardware_claim/claim.c.o
                0x10003222                hw_claim_unused_from_range
 *fill*         0x10003272        0x2 
 .text.next_striped_spin_lock_num
                0x10003274       0x1c src/CMakeFiles/final.dir/home/dark/.pico-sdk/sdk/2.2.0/src/rp2_common/hardware_sync/sync.c.o
                0x10003274                next_striped_spin_lock_num
 .text.spin_lock_claim_unused
                0x10003290       0x24 src/CMakeFiles/final.dir/home/dark/.pico-sdk/sdk/2.2.0/src/rp2_common/hardware_sync/sync.c.o
                0x10003290                spin_lock_claim_unused
 .text.spin_locks_reset
                0x100032b4       0x20 src/CMakeFiles/final.dir/home/dark/.pico-sdk/sdk/2.2.0/src/rp2_common/hardware_sync_spin_lock/sync_spin_lock.c.o
                0x100032b4                spin_locks_reset
 .text.set_raw_irq_handler_and_unlock
                0x100032d4       0x28 src/CMakeFiles/final.dir/home/dark/.pico-sdk/sdk/2.2.0/src/rp2_common/hardware_irq/irq.c.o
 .text.nvic_ipr0
                0x100032fc        0x8 src/CMakeFiles/final.dir/home/dark/.pico-sdk/sdk/2.2.0/src/rp2_common/hardware_irq/irq.c.o
 .text.runtime_init_per_core_irq_priorities
                0x10003304       0x1c src/CMakeFiles/final.dir/home/dark/.pico-sdk/sdk/2.2.0/src/rp2_common/hardware_irq/irq.c.o
                0x10003304                runtime_init_per_core_irq_priorities
 .text.resolve_j_16
                0x10003320       0x30 src/CMakeFiles/final.dir/home/dark/.pico-sdk/sdk/2.2.0/src/rp2_common/hardware_irq/irq.c.o
 .text.make_j_16
                0x10003350       0x48 src/CMakeFiles/final.dir/home/dark/.pico-sdk/sdk/2.2.0/src/rp2_common/hardware_irq/irq.c.o
 .text.irq_is_enabled
                0x10003398       0x18 src/CMakeFiles/final.dir/home/dark/.pico-sdk/sdk/2.2.0/src/rp2_common/hardware_irq/irq.c.o
                0x10003398                irq_is_enabled
 .text.irq_set_mask_n_enabled
                0x100033b0       0x1c src/CMakeFiles/final.dir/home/dark/.pico-sdk/sdk/2.2.0/src/rp2_common/hardware_irq/irq.c.o
                0x100033b0                irq_set_mask_n_enabled
 .text.irq_set_enabled
                0x100033cc       0x14 src/CMakeFiles/final.dir/home/dark/.pico-sdk/sdk/2.2.0/src/rp2_common/hardware_irq/irq.c.o
                0x100033cc                irq_set_enabled
 .text.irq_set_pending
                0x100033e0       0x10 src/CMakeFiles/final.dir/home/dark/.pico-sdk/sdk/2.2.0/src/rp2_common/hardware_irq/irq.c.o
                0x100033e0                irq_set_pending
 .text.irq_get_vtable_handler
                0x100033f0       0x10 src/CMakeFiles/final.dir/home/dark/.pico-sdk/sdk/2.2.0/src/rp2_common/hardware_irq/irq.c.o
                0x100033f0                irq_get_vtable_handler
 .text.irq_has_shared_handler
                0x10003400       0x1c src/CMakeFiles/final.dir/home/dark/.pico-sdk/sdk/2.2.0/src/rp2_common/hardware_irq/irq.c.o
                0x10003400                irq_has_shared_handler
 .text.irq_set_exclusive_handler
                0x1000341c       0x54 src/CMakeFiles/final.dir/home/dark/.pico-sdk/sdk/2.2.0/src/rp2_common/hardware_irq/irq.c.o
                0x1000341c                irq_set_exclusive_handler
 .text.irq_add_shared_handler
                0x10003470      0x218 src/CMakeFiles/final.dir/home/dark/.pico-sdk/sdk/2.2.0/src/rp2_common/hardware_irq/irq.c.o
                0x10003470                irq_add_shared_handler
 .text.irq_set_priority
                0x10003688       0x26 src/CMakeFiles/final.dir/home/dark/.pico-sdk/sdk/2.2.0/src/rp2_common/hardware_irq/irq.c.o
                0x10003688                irq_set_priority
 *fill*         0x100036ae        0x2 
 .text.irq_add_tail_to_free_list
                0x100036b0       0xf4 src/CMakeFiles/final.dir/home/dark/.pico-sdk/sdk/2.2.0/src/rp2_common/hardware_irq/irq.c.o
                0x100036b0                irq_add_tail_to_free_list
 .text.user_irq_claim_unused
                0x100037a4       0x2c src/CMakeFiles/final.dir/home/dark/.pico-sdk/sdk/2.2.0/src/rp2_common/hardware_irq/irq.c.o
                0x100037a4                user_irq_claim_unused
 .text.lock_init
                0x100037d0       0x10 src/CMakeFiles/final.dir/home/dark/.pico-sdk/sdk/2.2.0/src/common/pico_sync/lock_core.c.o
                0x100037d0                lock_init
 .text.mutex_init
                0x100037e0       0x1c src/CMakeFiles/final.dir/home/dark/.pico-sdk/sdk/2.2.0/src/common/pico_sync/mutex.c.o
                0x100037e0                mutex_init
 .text.recursive_mutex_init
                0x100037fc       0x20 src/CMakeFiles/final.dir/home/dark/.pico-sdk/sdk/2.2.0/src/common/pico_sync/mutex.c.o
                0x100037fc                recursive_mutex_init
 .text.runtime_init_mutex
                0x1000381c       0x4c src/CMakeFiles/final.dir/home/dark/.pico-sdk/sdk/2.2.0/src/common/pico_sync/mutex.c.o
                0x1000381c                runtime_init_mutex
 .text.critical_section_init_with_lock_num
                0x10003868       0x14 src/CMakeFiles/final.dir/home/dark/.pico-sdk/sdk/2.2.0/src/common/pico_sync/critical_section.c.o
                0x10003868                critical_section_init_with_lock_num
 .text.critical_section_init
                0x1000387c       0x14 src/CMakeFiles/final.dir/home/dark/.pico-sdk/sdk/2.2.0/src/common/pico_sync/critical_section.c.o
                0x1000387c                critical_section_init
 .text.ta_set_timeout
                0x10003890       0x24 src/CMakeFiles/final.dir/home/dark/.pico-sdk/sdk/2.2.0/src/common/pico_time/time.c.o
 .text.make_alarm_id
                0x100038b4        0x6 src/CMakeFiles/final.dir/home/dark/.pico-sdk/sdk/2.2.0/src/common/pico_time/time.c.o
 *fill*         0x100038ba        0x2 
 .text.alarm_pool_irq_handler
                0x100038bc      0x2f0 src/CMakeFiles/final.dir/home/dark/.pico-sdk/sdk/2.2.0/src/common/pico_time/time.c.o
 .text.ta_enable_irq_handler
                0x10003bac       0x2c src/CMakeFiles/final.dir/home/dark/.pico-sdk/sdk/2.2.0/src/common/pico_time/time.c.o
 .text.alarm_pool_post_alloc_init
                0x10003bd8       0x78 src/CMakeFiles/final.dir/home/dark/.pico-sdk/sdk/2.2.0/src/common/pico_time/time.c.o
 .text.sleep_until_callback
                0x10003c50       0x28 src/CMakeFiles/final.dir/home/dark/.pico-sdk/sdk/2.2.0/src/common/pico_time/time.c.o
 .text.alarm_pool_get_default
                0x10003c78       0x2c src/CMakeFiles/final.dir/home/dark/.pico-sdk/sdk/2.2.0/src/common/pico_time/time.c.o
                0x10003c78                alarm_pool_get_default
 .text.alarm_pool_add_alarm_at_force_in_context
                0x10003ca4       0xa4 src/CMakeFiles/final.dir/home/dark/.pico-sdk/sdk/2.2.0/src/common/pico_time/time.c.o
                0x10003ca4                alarm_pool_add_alarm_at_force_in_context
 .text.alarm_pool_add_alarm_at
                0x10003d48       0x3c src/CMakeFiles/final.dir/home/dark/.pico-sdk/sdk/2.2.0/src/common/pico_time/time.c.o
                0x10003d48                alarm_pool_add_alarm_at
 .text.add_alarm_at
                0x10003d84       0x2e src/CMakeFiles/final.dir/home/dark/.pico-sdk/sdk/2.2.0/src/common/pico_time/time.c.o
 *fill*         0x10003db2        0x2 
 .text.alarm_pool_cancel_alarm
                0x10003db4       0x78 src/CMakeFiles/final.dir/home/dark/.pico-sdk/sdk/2.2.0/src/common/pico_time/time.c.o
                0x10003db4                alarm_pool_cancel_alarm
 .text.cancel_alarm
                0x10003e2c       0x10 src/CMakeFiles/final.dir/home/dark/.pico-sdk/sdk/2.2.0/src/common/pico_time/time.c.o
 .text.alarm_pool_core_num
                0x10003e3c        0x4 src/CMakeFiles/final.dir/home/dark/.pico-sdk/sdk/2.2.0/src/common/pico_time/time.c.o
                0x10003e3c                alarm_pool_core_num
 .text.sleep_until
                0x10003e40       0xa4 src/CMakeFiles/final.dir/home/dark/.pico-sdk/sdk/2.2.0/src/common/pico_time/time.c.o
                0x10003e40                sleep_until
 .text.sleep_us
                0x10003ee4       0x24 src/CMakeFiles/final.dir/home/dark/.pico-sdk/sdk/2.2.0/src/common/pico_time/time.c.o
                0x10003ee4                sleep_us
 .text.sleep_ms
                0x10003f08       0x14 src/CMakeFiles/final.dir/home/dark/.pico-sdk/sdk/2.2.0/src/common/pico_time/time.c.o
                0x10003f08                sleep_ms
 .text.best_effort_wfe_or_timeout
                0x10003f1c      0x11c src/CMakeFiles/final.dir/home/dark/.pico-sdk/sdk/2.2.0/src/common/pico_time/time.c.o
                0x10003f1c                best_effort_wfe_or_timeout
 .text.alarm_pool_get_default_timer
                0x10004038        0x8 src/CMakeFiles/final.dir/home/dark/.pico-sdk/sdk/2.2.0/src/common/pico_time/time.c.o
                0x10004038                alarm_pool_get_default_timer
 .text.runtime_init_default_alarm_pool
                0x10004040       0x38 src/CMakeFiles/final.dir/home/dark/.pico-sdk/sdk/2.2.0/src/common/pico_time/time.c.o
                0x10004040                runtime_init_default_alarm_pool
 .text.timer_hardware_alarm_claim
                0x10004078       0x14 src/CMakeFiles/final.dir/home/dark/.pico-sdk/sdk/2.2.0/src/rp2_common/hardware_timer/timer.c.o
                0x10004078                timer_hardware_alarm_claim
 .text.timer_time_us_64
                0x1000408c       0x10 src/CMakeFiles/final.dir/home/dark/.pico-sdk/sdk/2.2.0/src/rp2_common/hardware_timer/timer.c.o
                0x1000408c                timer_time_us_64
 .text.timer_busy_wait_until
                0x1000409c       0x1a src/CMakeFiles/final.dir/home/dark/.pico-sdk/sdk/2.2.0/src/rp2_common/hardware_timer/timer.c.o
                0x1000409c                timer_busy_wait_until
 .text.timer_busy_wait_us
                0x100040b6       0x38 src/CMakeFiles/final.dir/home/dark/.pico-sdk/sdk/2.2.0/src/rp2_common/hardware_timer/timer.c.o
                0x100040b6                timer_busy_wait_us
 *fill*         0x100040ee        0x2 
 .text.time_us_64
                0x100040f0       0x10 src/CMakeFiles/final.dir/home/dark/.pico-sdk/sdk/2.2.0/src/rp2_common/hardware_timer/timer.c.o
                0x100040f0                time_us_64
 .text.busy_wait_us
                0x10004100       0x14 src/CMakeFiles/final.dir/home/dark/.pico-sdk/sdk/2.2.0/src/rp2_common/hardware_timer/timer.c.o
                0x10004100                busy_wait_us
 .text.busy_wait_until
                0x10004114       0x14 src/CMakeFiles/final.dir/home/dark/.pico-sdk/sdk/2.2.0/src/rp2_common/hardware_timer/timer.c.o
                0x10004114                busy_wait_until
 .text.uart_unreset
                0x10004128       0x2c src/CMakeFiles/final.dir/home/dark/.pico-sdk/sdk/2.2.0/src/rp2_common/hardware_uart/uart.c.o
 .text.uart_disable_before_lcr_write
                0x10004154       0x48 src/CMakeFiles/final.dir/home/dark/.pico-sdk/sdk/2.2.0/src/rp2_common/hardware_uart/uart.c.o
 .text.uart_write_lcr_bits_masked
                0x1000419c       0x20 src/CMakeFiles/final.dir/home/dark/.pico-sdk/sdk/2.2.0/src/rp2_common/hardware_uart/uart.c.o
 .text.uart_set_baudrate
                0x100041bc       0x5c src/CMakeFiles/final.dir/home/dark/.pico-sdk/sdk/2.2.0/src/rp2_common/hardware_uart/uart.c.o
                0x100041bc                uart_set_baudrate
 .text.uart_set_format
                0x10004218       0x2c src/CMakeFiles/final.dir/home/dark/.pico-sdk/sdk/2.2.0/src/rp2_common/hardware_uart/uart.c.o
                0x10004218                uart_set_format
 .text.uart_set_translate_crlf
                0x10004244       0x28 src/CMakeFiles/final.dir/home/dark/.pico-sdk/sdk/2.2.0/src/rp2_common/hardware_uart/uart.c.o
                0x10004244                uart_set_translate_crlf
 .text.uart_init
                0x1000426c       0x64 src/CMakeFiles/final.dir/home/dark/.pico-sdk/sdk/2.2.0/src/rp2_common/hardware_uart/uart.c.o
                0x1000426c                uart_init
 .text.clock_configure_internal
                0x100042d0       0xc4 src/CMakeFiles/final.dir/home/dark/.pico-sdk/sdk/2.2.0/src/rp2_common/hardware_clocks/clocks.c.o
 .text.clock_configure_int_divider
                0x10004394       0x28 src/CMakeFiles/final.dir/home/dark/.pico-sdk/sdk/2.2.0/src/rp2_common/hardware_clocks/clocks.c.o
                0x10004394                clock_configure_int_divider
 .text.clock_configure_undivided
                0x100043bc       0x12 src/CMakeFiles/final.dir/home/dark/.pico-sdk/sdk/2.2.0/src/rp2_common/hardware_clocks/clocks.c.o
                0x100043bc                clock_configure_undivided
 *fill*         0x100043ce        0x2 
 .text.clock_get_hz
                0x100043d0        0xc src/CMakeFiles/final.dir/home/dark/.pico-sdk/sdk/2.2.0/src/rp2_common/hardware_clocks/clocks.c.o
                0x100043d0                clock_get_hz
 .text.frequency_count_khz
                0x100043dc       0x40 src/CMakeFiles/final.dir/home/dark/.pico-sdk/sdk/2.2.0/src/rp2_common/hardware_clocks/clocks.c.o
                0x100043dc                frequency_count_khz
 .text.pll_init
                0x1000441c      0x124 src/CMakeFiles/final.dir/home/dark/.pico-sdk/sdk/2.2.0/src/rp2_common/hardware_pll/pll.c.o
                0x1000441c                pll_init
 .text.watchdog_update
                0x10004540       0x14 src/CMakeFiles/final.dir/home/dark/.pico-sdk/sdk/2.2.0/src/rp2_common/hardware_watchdog/watchdog.c.o
                0x10004540                watchdog_update
 .text._watchdog_enable
                0x10004554       0x78 src/CMakeFiles/final.dir/home/dark/.pico-sdk/sdk/2.2.0/src/rp2_common/hardware_watchdog/watchdog.c.o
                0x10004554                _watchdog_enable
 .text.watchdog_reboot
                0x100045cc       0x48 src/CMakeFiles/final.dir/home/dark/.pico-sdk/sdk/2.2.0/src/rp2_common/hardware_watchdog/watchdog.c.o
                0x100045cc                watchdog_reboot
 .text.tick_start
                0x10004614       0x10 src/CMakeFiles/final.dir/home/dark/.pico-sdk/sdk/2.2.0/src/rp2_common/hardware_ticks/ticks.c.o
                0x10004614                tick_start
 .text.rom_func_lookup
                0x10004624       0x10 src/CMakeFiles/final.dir/home/dark/.pico-sdk/sdk/2.2.0/src/rp2_common/pico_bootrom/bootrom.c.o
                0x10004624                rom_func_lookup
 .text.rom_data_lookup
                0x10004634       0x10 src/CMakeFiles/final.dir/home/dark/.pico-sdk/sdk/2.2.0/src/rp2_common/pico_bootrom/bootrom.c.o
                0x10004634                rom_data_lookup
 .text.rom_funcs_lookup
                0x10004644       0x36 src/CMakeFiles/final.dir/home/dark/.pico-sdk/sdk/2.2.0/src/rp2_common/pico_bootrom/bootrom.c.o
                0x10004644                rom_funcs_lookup
 *fill*         0x1000467a        0x2 
 .text.rom_reset_usb_boot_extra
                0x1000467c       0x24 src/CMakeFiles/final.dir/home/dark/.pico-sdk/sdk/2.2.0/src/rp2_common/pico_bootrom/bootrom.c.o
                0x1000467c                rom_reset_usb_boot_extra
 .text.xosc_init
                0x100046a0       0x2c src/CMakeFiles/final.dir/home/dark/.pico-sdk/sdk/2.2.0/src/rp2_common/hardware_xosc/xosc.c.o
                0x100046a0                xosc_init
 .text.runtime_run_initializers_from
                0x100046cc       0x18 src/CMakeFiles/final.dir/home/dark/.pico-sdk/sdk/2.2.0/src/rp2_common/pico_runtime/runtime.c.o
 .text.first_per_core_initializer
                0x100046e4        0x2 src/CMakeFiles/final.dir/home/dark/.pico-sdk/sdk/2.2.0/src/rp2_common/pico_runtime/runtime.c.o
 *fill*         0x100046e6        0x2 
 .text.runtime_run_initializers
                0x100046e8       0x10 src/CMakeFiles/final.dir/home/dark/.pico-sdk/sdk/2.2.0/src/rp2_common/pico_runtime/runtime.c.o
                0x100046e8                runtime_run_initializers
 .text.runtime_init_early_resets
                0x100046f8       0x2c src/CMakeFiles/final.dir/home/dark/.pico-sdk/sdk/2.2.0/src/rp2_common/pico_runtime_init/runtime_init.c.o
                0x100046f8                runtime_init_early_resets
 .text.runtime_init_usb_power_down
                0x10004724       0x1c src/CMakeFiles/final.dir/home/dark/.pico-sdk/sdk/2.2.0/src/rp2_common/pico_runtime_init/runtime_init.c.o
                0x10004724                runtime_init_usb_power_down
 .text.runtime_init_post_clock_resets
                0x10004740       0x20 src/CMakeFiles/final.dir/home/dark/.pico-sdk/sdk/2.2.0/src/rp2_common/pico_runtime_init/runtime_init.c.o
                0x10004740                runtime_init_post_clock_resets
 .text.runtime_init_rp2040_gpio_ie_disable
                0x10004760       0x14 src/CMakeFiles/final.dir/home/dark/.pico-sdk/sdk/2.2.0/src/rp2_common/pico_runtime_init/runtime_init.c.o
                0x10004760                runtime_init_rp2040_gpio_ie_disable
 .text.runtime_init_spin_locks_reset
                0x10004774        0x8 src/CMakeFiles/final.dir/home/dark/.pico-sdk/sdk/2.2.0/src/rp2_common/pico_runtime_init/runtime_init.c.o
                0x10004774                runtime_init_spin_locks_reset
 .text.runtime_init_install_ram_vector_table
                0x1000477c       0x48 src/CMakeFiles/final.dir/home/dark/.pico-sdk/sdk/2.2.0/src/rp2_common/pico_runtime_init/runtime_init.c.o
                0x1000477c                runtime_init_install_ram_vector_table
 .text.start_all_ticks
                0x100047c4       0x28 src/CMakeFiles/final.dir/home/dark/.pico-sdk/sdk/2.2.0/src/rp2_common/pico_runtime_init/runtime_init_clocks.c.o
 .text.runtime_init_clocks
                0x100047ec       0xcc src/CMakeFiles/final.dir/home/dark/.pico-sdk/sdk/2.2.0/src/rp2_common/pico_runtime_init/runtime_init_clocks.c.o
                0x100047ec                runtime_init_clocks
 .text          0x100048b8       0x10 src/CMakeFiles/final.dir/home/dark/.pico-sdk/sdk/2.2.0/src/rp2_common/pico_bit_ops/bit_ops_aeabi.S.o
 .text.ctzsi    0x100048c8        0xc src/CMakeFiles/final.dir/home/dark/.pico-sdk/sdk/2.2.0/src/rp2_common/pico_bit_ops/bit_ops_aeabi.S.o
                0x100048c8                __wrap___ctzsi2
 .text.__wrap___aeabi_idiv
                0x100048d4       0x50 src/CMakeFiles/final.dir/home/dark/.pico-sdk/sdk/2.2.0/src/rp2_common/pico_divider/divider_hardware.S.o
                0x100048d4                __wrap___aeabi_idivmod
                0x100048d4                divmod_s32s32
                0x100048d4                div_s32s32
                0x100048d4                __wrap___aeabi_idiv
                0x100048dc                divmod_s32s32_unsafe
                0x10004908                divmod_s32s32_savestate
 .text.__wrap___aeabi_uidiv
                0x10004924       0x4c src/CMakeFiles/final.dir/home/dark/.pico-sdk/sdk/2.2.0/src/rp2_common/pico_divider/divider_hardware.S.o
                0x10004924                __wrap___aeabi_uidiv
                0x10004924                __wrap___aeabi_uidivmod
                0x10004924                div_u32u32
                0x10004924                divmod_u32u32
                0x1000492c                divmod_u32u32_unsafe
                0x10004954                divmod_u32u32_savestate
 .text.__wrap___aeabi_ldiv
                0x10004970      0x424 src/CMakeFiles/final.dir/home/dark/.pico-sdk/sdk/2.2.0/src/rp2_common/pico_divider/divider_hardware.S.o
                0x10004970                div_s64s64
                0x10004970                divmod_s64s64
                0x10004970                __wrap___aeabi_ldivmod
                0x100049a0                div_u64u64
                0x100049a0                divmod_u64u64
                0x100049a0                __wrap___aeabi_uldivmod
                0x100049b0                divmod_u64u64_savestate
                0x100049d0                divmod_s64s64_unsafe
                0x10004a58                divmod_u64u64_unsafe
 .text.__wrap___aeabi_darithmetic
                0x10004d94       0x80 src/CMakeFiles/final.dir/home/dark/.pico-sdk/sdk/2.2.0/src/rp2_common/pico_double/double_aeabi_rp2040.S.o
                0x10004d94                __wrap___aeabi_drsub
                0x10004d9a                __wrap___aeabi_dsub
                0x10004dac                __wrap___aeabi_dadd
                0x10004dbe                __wrap___aeabi_ddiv
                0x10004dfa                __wrap___aeabi_dmul
 .text.__wrap___aeabi_cdcmple
                0x10004e14       0x6c src/CMakeFiles/final.dir/home/dark/.pico-sdk/sdk/2.2.0/src/rp2_common/pico_double/double_aeabi_rp2040.S.o
                0x10004e14                __wrap___aeabi_cdrcmple
                0x10004e24                __wrap___aeabi_cdcmple
                0x10004e24                __wrap___aeabi_cdcmpeq
 .text.__wrap___aeabi_dcmpeq
                0x10004e80       0x10 src/CMakeFiles/final.dir/home/dark/.pico-sdk/sdk/2.2.0/src/rp2_common/pico_double/double_aeabi_rp2040.S.o
                0x10004e80                __wrap___aeabi_dcmpeq
 .text.__wrap___aeabi_dcmplt
                0x10004e90        0xc src/CMakeFiles/final.dir/home/dark/.pico-sdk/sdk/2.2.0/src/rp2_common/pico_double/double_aeabi_rp2040.S.o
                0x10004e90                __wrap___aeabi_dcmplt
 .text.__wrap___aeabi_dcmple
                0x10004e9c       0x10 src/CMakeFiles/final.dir/home/dark/.pico-sdk/sdk/2.2.0/src/rp2_common/pico_double/double_aeabi_rp2040.S.o
                0x10004e9c                __wrap___aeabi_dcmple
 .text.__wrap___aeabi_dcmpge
                0x10004eac       0x10 src/CMakeFiles/final.dir/home/dark/.pico-sdk/sdk/2.2.0/src/rp2_common/pico_double/double_aeabi_rp2040.S.o
                0x10004eac                __wrap___aeabi_dcmpge
 .text.__wrap___aeabi_dcmpgt
                0x10004ebc        0xa src/CMakeFiles/final.dir/home/dark/.pico-sdk/sdk/2.2.0/src/rp2_common/pico_double/double_aeabi_rp2040.S.o
                0x10004ebc                __wrap___aeabi_dcmpgt
 .text.__wrap___aeabi_dcmpun
                0x10004ec6       0x18 src/CMakeFiles/final.dir/home/dark/.pico-sdk/sdk/2.2.0/src/rp2_common/pico_double/double_aeabi_rp2040.S.o
                0x10004ec6                __wrap___aeabi_dcmpun
 *fill*         0x10004ede        0x2 
 .text.__wrap___aeabi_i2d
                0x10004ee0       0x38 src/CMakeFiles/final.dir/home/dark/.pico-sdk/sdk/2.2.0/src/rp2_common/pico_double/double_aeabi_rp2040.S.o
                0x10004ee0                __wrap___aeabi_ui2d
                0x10004ee0                uint2double
                0x10004ee8                __wrap___aeabi_i2d
                0x10004ee8                int2double
 .text.__wrap___aeabi_d2iz
                0x10004f18       0x48 src/CMakeFiles/final.dir/home/dark/.pico-sdk/sdk/2.2.0/src/rp2_common/pico_double/double_aeabi_rp2040.S.o
                0x10004f18                __wrap___aeabi_d2iz
                0x10004f18                double2int_z
 .text.__wrap___aeabi_d2uiz
                0x10004f60       0x18 src/CMakeFiles/final.dir/home/dark/.pico-sdk/sdk/2.2.0/src/rp2_common/pico_double/double_aeabi_rp2040.S.o
                0x10004f60                double2uint_z
                0x10004f60                double2uint
                0x10004f60                __wrap___aeabi_d2uiz
 .text.__wrap___aeabi_l2d
                0x10004f78       0x18 src/CMakeFiles/final.dir/home/dark/.pico-sdk/sdk/2.2.0/src/rp2_common/pico_double/double_aeabi_rp2040.S.o
                0x10004f78                __wrap___aeabi_l2d
                0x10004f78                int642double
 .text.__wrap___aeabi_d2lz
                0x10004f90       0x26 src/CMakeFiles/final.dir/home/dark/.pico-sdk/sdk/2.2.0/src/rp2_common/pico_double/double_aeabi_rp2040.S.o
                0x10004f90                __wrap___aeabi_d2lz
                0x10004f90                double2int64_z
 *fill*         0x10004fb6        0x2 
 .text.double2int64
                0x10004fb8       0x18 src/CMakeFiles/final.dir/home/dark/.pico-sdk/sdk/2.2.0/src/rp2_common/pico_double/double_aeabi_rp2040.S.o
                0x10004fb8                double2int64
 .text.double2ufix64
                0x10004fd0       0x18 src/CMakeFiles/final.dir/home/dark/.pico-sdk/sdk/2.2.0/src/rp2_common/pico_double/double_aeabi_rp2040.S.o
                0x10004fd0                double2ufix64
                0x10004fd0                double2ufix64_z
 .text.__wrap___aeabi_d2f
                0x10004fe8       0x18 src/CMakeFiles/final.dir/home/dark/.pico-sdk/sdk/2.2.0/src/rp2_common/pico_double/double_aeabi_rp2040.S.o
                0x10004fe8                __wrap___aeabi_d2f
 .text.__wrap_srqt
                0x10005000       0x18 src/CMakeFiles/final.dir/home/dark/.pico-sdk/sdk/2.2.0/src/rp2_common/pico_double/double_aeabi_rp2040.S.o
                0x10005000                __wrap_sqrt
 .text.__wrap_exp
                0x10005018       0x18 src/CMakeFiles/final.dir/home/dark/.pico-sdk/sdk/2.2.0/src/rp2_common/pico_double/double_aeabi_rp2040.S.o
                0x10005018                __wrap_exp
 .text.__wrap_log
                0x10005030       0x18 src/CMakeFiles/final.dir/home/dark/.pico-sdk/sdk/2.2.0/src/rp2_common/pico_double/double_aeabi_rp2040.S.o
                0x10005030                __wrap_log
 .text.__aeabi_double_init
                0x10005048       0xcc src/CMakeFiles/final.dir/home/dark/.pico-sdk/sdk/2.2.0/src/rp2_common/pico_double/double_init_rom_rp2040.c.o
                0x10005048                __aeabi_double_init
 .text.dldexp   0x10005114       0x50 src/CMakeFiles/final.dir/home/dark/.pico-sdk/sdk/2.2.0/src/rp2_common/pico_double/double_math.c.o
 .text.disint   0x10005164       0x60 src/CMakeFiles/final.dir/home/dark/.pico-sdk/sdk/2.2.0/src/rp2_common/pico_double/double_math.c.o
 .text.disoddint
                0x100051c4       0x7c src/CMakeFiles/final.dir/home/dark/.pico-sdk/sdk/2.2.0/src/rp2_common/pico_double/double_math.c.o
 .text.dispo2   0x10005240       0x28 src/CMakeFiles/final.dir/home/dark/.pico-sdk/sdk/2.2.0/src/rp2_common/pico_double/double_math.c.o
 .text.dpow_int2
                0x10005268       0x2c src/CMakeFiles/final.dir/home/dark/.pico-sdk/sdk/2.2.0/src/rp2_common/pico_double/double_math.c.o
 .text.dpowint_1
                0x10005294       0x24 src/CMakeFiles/final.dir/home/dark/.pico-sdk/sdk/2.2.0/src/rp2_common/pico_double/double_math.c.o
 .text.dpow_1   0x100052b8      0x1dc src/CMakeFiles/final.dir/home/dark/.pico-sdk/sdk/2.2.0/src/rp2_common/pico_double/double_math.c.o
 .text.dpow_0   0x10005494       0xd8 src/CMakeFiles/final.dir/home/dark/.pico-sdk/sdk/2.2.0/src/rp2_common/pico_double/double_math.c.o
 .text.__wrap_ldexp
                0x1000556c        0x8 src/CMakeFiles/final.dir/home/dark/.pico-sdk/sdk/2.2.0/src/rp2_common/pico_double/double_math.c.o
                0x1000556c                __wrap_ldexp
 .text.__wrap_round
                0x10005574       0x98 src/CMakeFiles/final.dir/home/dark/.pico-sdk/sdk/2.2.0/src/rp2_common/pico_double/double_math.c.o
                0x10005574                __wrap_round
 .text.__wrap_exp2
                0x1000560c       0x88 src/CMakeFiles/final.dir/home/dark/.pico-sdk/sdk/2.2.0/src/rp2_common/pico_double/double_math.c.o
                0x1000560c                __wrap_exp2
 .text.__wrap_pow
                0x10005694      0x168 src/CMakeFiles/final.dir/home/dark/.pico-sdk/sdk/2.2.0/src/rp2_common/pico_double/double_math.c.o
                0x10005694                __wrap_pow
 .text.double_table_shim_on_use_helper
                0x100057fc       0x34 src/CMakeFiles/final.dir/home/dark/.pico-sdk/sdk/2.2.0/src/rp2_common/pico_double/double_v1_rom_shim_rp2040.S.o
                0x100057fc                double_table_shim_on_use_helper
 .text.__wrap___aeabi_dsub
                0x10005830       0x10 src/CMakeFiles/final.dir/home/dark/.pico-sdk/sdk/2.2.0/src/rp2_common/pico_double/double_v1_rom_shim_rp2040.S.o
                0x10005830                drsub_shim
                0x10005836                dsub_shim
 .text.dadd_shim
                0x10005840      0x15c src/CMakeFiles/final.dir/home/dark/.pico-sdk/sdk/2.2.0/src/rp2_common/pico_double/double_v1_rom_shim_rp2040.S.o
                0x10005840                dadd_shim
 .text.dmul_shim
                0x1000599c      0x15c src/CMakeFiles/final.dir/home/dark/.pico-sdk/sdk/2.2.0/src/rp2_common/pico_double/double_v1_rom_shim_rp2040.S.o
                0x1000599c                dmul_shim
 .text.ddiv_shim
                0x10005af8      0x1b0 src/CMakeFiles/final.dir/home/dark/.pico-sdk/sdk/2.2.0/src/rp2_common/pico_double/double_v1_rom_shim_rp2040.S.o
                0x10005af8                ddiv_shim
 .text.dsqrt_shim
                0x10005ca8      0x1a8 src/CMakeFiles/final.dir/home/dark/.pico-sdk/sdk/2.2.0/src/rp2_common/pico_double/double_v1_rom_shim_rp2040.S.o
                0x10005cc4                dsqrt_shim
 .text.double2uint_shim
                0x10005e50        0xe src/CMakeFiles/final.dir/home/dark/.pico-sdk/sdk/2.2.0/src/rp2_common/pico_double/double_v1_rom_shim_rp2040.S.o
                0x10005e50                double2uint_shim
                0x10005e52                double2ufix_shim
 .text.double2int64_shim
                0x10005e5e       0x1a src/CMakeFiles/final.dir/home/dark/.pico-sdk/sdk/2.2.0/src/rp2_common/pico_double/double_v1_rom_shim_rp2040.S.o
                0x10005e5e                double2int64_shim
                0x10005e60                double2fix64_shim
 .text.double2uint64_shim
                0x10005e78       0x70 src/CMakeFiles/final.dir/home/dark/.pico-sdk/sdk/2.2.0/src/rp2_common/pico_double/double_v1_rom_shim_rp2040.S.o
                0x10005e78                double2uint64_shim
                0x10005e7a                double2ufix64_shim
                0x10005e9a                d2fix_a
 .text.double2float_shim
                0x10005ee8       0x5c src/CMakeFiles/final.dir/home/dark/.pico-sdk/sdk/2.2.0/src/rp2_common/pico_double/double_v1_rom_shim_rp2040.S.o
                0x10005ee8                double2float_shim
 .text.x2double_shims
                0x10005f44       0x90 src/CMakeFiles/final.dir/home/dark/.pico-sdk/sdk/2.2.0/src/rp2_common/pico_double/double_v1_rom_shim_rp2040.S.o
                0x10005f44                uint2double_shim
                0x10005f46                ufix2double_shim
                0x10005f4c                int2double_shim
                0x10005f4e                fix2double_shim
                0x10005f54                uint642double_shim
                0x10005f56                ufix642double_shim
                0x10005f5c                int642double_shim
                0x10005f5e                fix642double_shim
 .text.dunpacks
                0x10005fd4       0x3c src/CMakeFiles/final.dir/home/dark/.pico-sdk/sdk/2.2.0/src/rp2_common/pico_double/double_v1_rom_shim_rp2040.S.o
                0x10005fd4                dunpacks
 .text.dreduce  0x10006010       0x82 src/CMakeFiles/final.dir/home/dark/.pico-sdk/sdk/2.2.0/src/rp2_common/pico_double/double_v1_rom_shim_rp2040.S.o
                0x10006010                dreduce
 *fill*         0x10006092        0x2 
 .text.dexp_guts
                0x10006094      0x268 src/CMakeFiles/final.dir/home/dark/.pico-sdk/sdk/2.2.0/src/rp2_common/pico_double/double_v1_rom_shim_rp2040.S.o
                0x10006094                dexp_shim
                0x10006130                dln_shim
 .text.__aeabi_lmul
                0x100062fc       0x32 src/CMakeFiles/final.dir/home/dark/.pico-sdk/sdk/2.2.0/src/rp2_common/pico_int64_ops/pico_int64_ops_aeabi.S.o
                0x100062fc                __wrap___aeabi_lmul
 *fill*         0x1000632e        0x2 
 .text.__wrap___aeabi_farithmetic
                0x10006330       0x58 src/CMakeFiles/final.dir/home/dark/.pico-sdk/sdk/2.2.0/src/rp2_common/pico_float/float_aeabi_rp2040.S.o
                0x10006330                __wrap___aeabi_frsub
                0x10006336                __wrap___aeabi_fsub
                0x10006340                __wrap___aeabi_fadd
                0x1000634a                __wrap___aeabi_fdiv
                0x10006376                __wrap___aeabi_fmul
 .text.__wrap___aeabi_cfcmple
                0x10006388       0x50 src/CMakeFiles/final.dir/home/dark/.pico-sdk/sdk/2.2.0/src/rp2_common/pico_float/float_aeabi_rp2040.S.o
                0x10006388                __wrap___aeabi_cfrcmple
                0x10006394                __wrap___aeabi_cfcmpeq
                0x10006394                __wrap___aeabi_cfcmple
 .text.__wrap___aeabi_fcmplt
                0x100063d8        0xc src/CMakeFiles/final.dir/home/dark/.pico-sdk/sdk/2.2.0/src/rp2_common/pico_float/float_aeabi_rp2040.S.o
                0x100063d8                __wrap___aeabi_fcmplt
 .text.__wrap___aeabi_fcmple
                0x100063e4       0x10 src/CMakeFiles/final.dir/home/dark/.pico-sdk/sdk/2.2.0/src/rp2_common/pico_float/float_aeabi_rp2040.S.o
                0x100063e4                __wrap___aeabi_fcmple
 .text.__wrap___aeabi_fcmpgt
                0x100063f4        0xa src/CMakeFiles/final.dir/home/dark/.pico-sdk/sdk/2.2.0/src/rp2_common/pico_float/float_aeabi_rp2040.S.o
                0x100063f4                __wrap___aeabi_fcmpgt
 .text.__wrap___aeabi_ui2f
                0x100063fe        0xa src/CMakeFiles/final.dir/home/dark/.pico-sdk/sdk/2.2.0/src/rp2_common/pico_float/float_aeabi_rp2040.S.o
                0x100063fe                uint2float
                0x100063fe                __wrap___aeabi_ui2f
 .text.__wrap___aeabi_i2f
                0x10006408       0x44 src/CMakeFiles/final.dir/home/dark/.pico-sdk/sdk/2.2.0/src/rp2_common/pico_float/float_aeabi_rp2040.S.o
                0x10006408                int2float
                0x10006408                __wrap___aeabi_i2f
 .text.__wrap___aeabi_f2uiz
                0x1000644c       0x10 src/CMakeFiles/final.dir/home/dark/.pico-sdk/sdk/2.2.0/src/rp2_common/pico_float/float_aeabi_rp2040.S.o
                0x1000644c                float2uint
                0x1000644c                float2uint_z
                0x1000644c                __wrap___aeabi_f2uiz
 .text.__wrap___aeabi_f2d
                0x1000645c       0x14 src/CMakeFiles/final.dir/home/dark/.pico-sdk/sdk/2.2.0/src/rp2_common/pico_float/float_aeabi_rp2040.S.o
                0x1000645c                __wrap___aeabi_f2d
 .text.__aeabi_float_init
                0x10006470       0xfc src/CMakeFiles/final.dir/home/dark/.pico-sdk/sdk/2.2.0/src/rp2_common/pico_float/float_init_rom_rp2040.c.o
                0x10006470                __aeabi_float_init
 .text.float_table_shim_on_use_helper
                0x1000656c       0x34 src/CMakeFiles/final.dir/home/dark/.pico-sdk/sdk/2.2.0/src/rp2_common/pico_float/float_v1_rom_shim_rp2040.S.o
                0x1000656c                float_table_shim_on_use_helper
 .text.float2double_shim
                0x100065a0       0x30 src/CMakeFiles/final.dir/home/dark/.pico-sdk/sdk/2.2.0/src/rp2_common/pico_float/float_v1_rom_shim_rp2040.S.o
                0x100065a0                float2double_shim
 .text          0x100065d0       0x10 src/CMakeFiles/final.dir/home/dark/.pico-sdk/sdk/2.2.0/src/rp2_common/pico_mem_ops/mem_ops_aeabi.S.o
                0x100065d0                __aeabi_mem_init
 .text.memset   0x100065e0        0xc src/CMakeFiles/final.dir/home/dark/.pico-sdk/sdk/2.2.0/src/rp2_common/pico_mem_ops/mem_ops_aeabi.S.o
                0x100065e0                __wrap_memset
 .text.memcpy   0x100065ec        0xc src/CMakeFiles/final.dir/home/dark/.pico-sdk/sdk/2.2.0/src/rp2_common/pico_mem_ops/mem_ops_aeabi.S.o
                0x100065ec                __wrap___aeabi_memcpy
                0x100065ec                __wrap_memcpy
 .text._out_buffer
                0x100065f8        0x8 src/CMakeFiles/final.dir/home/dark/.pico-sdk/sdk/2.2.0/src/rp2_common/pico_printf/printf.c.o
 .text._out_null
                0x10006600        0x2 src/CMakeFiles/final.dir/home/dark/.pico-sdk/sdk/2.2.0/src/rp2_common/pico_printf/printf.c.o
 .text._out_fct
                0x10006602        0xe src/CMakeFiles/final.dir/home/dark/.pico-sdk/sdk/2.2.0/src/rp2_common/pico_printf/printf.c.o
 .text._atoi    0x10006610       0x24 src/CMakeFiles/final.dir/home/dark/.pico-sdk/sdk/2.2.0/src/rp2_common/pico_printf/printf.c.o
 .text._out_rev
                0x10006634       0xb0 src/CMakeFiles/final.dir/home/dark/.pico-sdk/sdk/2.2.0/src/rp2_common/pico_printf/printf.c.o
 .text._ntoa_format
                0x100066e4      0x10e src/CMakeFiles/final.dir/home/dark/.pico-sdk/sdk/2.2.0/src/rp2_common/pico_printf/printf.c.o
 .text._ntoa_long
                0x100067f2       0xbc src/CMakeFiles/final.dir/home/dark/.pico-sdk/sdk/2.2.0/src/rp2_common/pico_printf/printf.c.o
 .text._ntoa_long_long
                0x100068ae      0x10e src/CMakeFiles/final.dir/home/dark/.pico-sdk/sdk/2.2.0/src/rp2_common/pico_printf/printf.c.o
 .text._etoa    0x100069bc      0x424 src/CMakeFiles/final.dir/home/dark/.pico-sdk/sdk/2.2.0/src/rp2_common/pico_printf/printf.c.o
 .text._ftoa    0x10006de0      0x348 src/CMakeFiles/final.dir/home/dark/.pico-sdk/sdk/2.2.0/src/rp2_common/pico_printf/printf.c.o
 .text._vsnprintf
                0x10007128      0x6a4 src/CMakeFiles/final.dir/home/dark/.pico-sdk/sdk/2.2.0/src/rp2_common/pico_printf/printf.c.o
 .text.__wrap_snprintf
                0x100077cc       0x28 src/CMakeFiles/final.dir/home/dark/.pico-sdk/sdk/2.2.0/src/rp2_common/pico_printf/printf.c.o
                0x100077cc                __wrap_snprintf
 .text.vfctprintf
                0x100077f4       0x24 src/CMakeFiles/final.dir/home/dark/.pico-sdk/sdk/2.2.0/src/rp2_common/pico_printf/printf.c.o
                0x100077f4                vfctprintf
 .text._exit    0x10007818        0x4 src/CMakeFiles/final.dir/home/dark/.pico-sdk/sdk/2.2.0/src/rp2_common/pico_clib_interface/newlib_interface.c.o
                0x10007818                _exit
 .text._sbrk    0x1000781c       0x38 src/CMakeFiles/final.dir/home/dark/.pico-sdk/sdk/2.2.0/src/rp2_common/pico_clib_interface/newlib_interface.c.o
                0x1000781c                _sbrk
 .text.exit     0x10007854        0x6 src/CMakeFiles/final.dir/home/dark/.pico-sdk/sdk/2.2.0/src/rp2_common/pico_clib_interface/newlib_interface.c.o
                0x10007854                exit
 *fill*         0x1000785a        0x2 
 .text.__assert_func
                0x1000785c       0x38 src/CMakeFiles/final.dir/home/dark/.pico-sdk/sdk/2.2.0/src/rp2_common/pico_clib_interface/newlib_interface.c.o
                0x1000785c                __assert_func
 .text.runtime_init
                0x10007894       0x28 src/CMakeFiles/final.dir/home/dark/.pico-sdk/sdk/2.2.0/src/rp2_common/pico_clib_interface/newlib_interface.c.o
                0x10007894                runtime_init
 .text.stdio_out_chars_no_crlf
                0x100078bc        0xe src/CMakeFiles/final.dir/home/dark/.pico-sdk/sdk/2.2.0/src/rp2_common/pico_stdio/stdio.c.o
 *fill*         0x100078ca        0x2 
 .text.stdio_out_chars_crlf
                0x100078cc       0x80 src/CMakeFiles/final.dir/home/dark/.pico-sdk/sdk/2.2.0/src/rp2_common/pico_stdio/stdio.c.o
 .text.stdio_stack_buffer_flush
                0x1000794c       0x44 src/CMakeFiles/final.dir/home/dark/.pico-sdk/sdk/2.2.0/src/rp2_common/pico_stdio/stdio.c.o
 .text.stdio_buffered_printer
                0x10007990       0x20 src/CMakeFiles/final.dir/home/dark/.pico-sdk/sdk/2.2.0/src/rp2_common/pico_stdio/stdio.c.o
 .text.stdout_serialize_begin
                0x100079b0       0x30 src/CMakeFiles/final.dir/home/dark/.pico-sdk/sdk/2.2.0/src/rp2_common/pico_stdio/stdio.c.o
                0x100079b0                stdout_serialize_begin
 .text.stdout_serialize_end
                0x100079e0       0x10 src/CMakeFiles/final.dir/home/dark/.pico-sdk/sdk/2.2.0/src/rp2_common/pico_stdio/stdio.c.o
                0x100079e0                stdout_serialize_end
 .text.stdio_put_string
                0x100079f0       0x94 src/CMakeFiles/final.dir/home/dark/.pico-sdk/sdk/2.2.0/src/rp2_common/pico_stdio/stdio.c.o
                0x100079f0                stdio_put_string
 .text.stdio_set_driver_enabled
                0x10007a84       0x30 src/CMakeFiles/final.dir/home/dark/.pico-sdk/sdk/2.2.0/src/rp2_common/pico_stdio/stdio.c.o
                0x10007a84                stdio_set_driver_enabled
 .text.stdio_flush
                0x10007ab4       0x20 src/CMakeFiles/final.dir/home/dark/.pico-sdk/sdk/2.2.0/src/rp2_common/pico_stdio/stdio.c.o
                0x10007ab4                stdio_flush
 .text.stdio_init_all
                0x10007ad4        0x8 src/CMakeFiles/final.dir/home/dark/.pico-sdk/sdk/2.2.0/src/rp2_common/pico_stdio/stdio.c.o
                0x10007ad4                stdio_init_all
 .text.__wrap_puts
                0x10007adc       0x1e src/CMakeFiles/final.dir/home/dark/.pico-sdk/sdk/2.2.0/src/rp2_common/pico_stdio/stdio.c.o
                0x10007adc                __wrap_puts
                0x10007adc                stdio_puts
 *fill*         0x10007afa        0x2 
 .text.__wrap_vprintf
                0x10007afc       0x40 src/CMakeFiles/final.dir/home/dark/.pico-sdk/sdk/2.2.0/src/rp2_common/pico_stdio/stdio.c.o
                0x10007afc                __wrap_vprintf
                0x10007afc                stdio_vprintf
 .text.__wrap_printf
                0x10007b3c       0x18 src/CMakeFiles/final.dir/home/dark/.pico-sdk/sdk/2.2.0/src/rp2_common/pico_stdio/stdio.c.o
                0x10007b3c                stdio_printf
                0x10007b3c                __wrap_printf
 .text.resetd_init
                0x10007b54        0x2 src/CMakeFiles/final.dir/home/dark/.pico-sdk/sdk/2.2.0/src/rp2_common/pico_stdio_usb/reset_interface.c.o
 *fill*         0x10007b56        0x2 
 .text.resetd_reset
                0x10007b58        0xc src/CMakeFiles/final.dir/home/dark/.pico-sdk/sdk/2.2.0/src/rp2_common/pico_stdio_usb/reset_interface.c.o
 .text.resetd_open
                0x10007b64       0x34 src/CMakeFiles/final.dir/home/dark/.pico-sdk/sdk/2.2.0/src/rp2_common/pico_stdio_usb/reset_interface.c.o
 .text.resetd_xfer_cb
                0x10007b98        0x4 src/CMakeFiles/final.dir/home/dark/.pico-sdk/sdk/2.2.0/src/rp2_common/pico_stdio_usb/reset_interface.c.o
 .text.resetd_control_xfer_cb
                0x10007b9c       0x60 src/CMakeFiles/final.dir/home/dark/.pico-sdk/sdk/2.2.0/src/rp2_common/pico_stdio_usb/reset_interface.c.o
 .text.tud_descriptor_bos_cb
                0x10007bfc        0x8 src/CMakeFiles/final.dir/home/dark/.pico-sdk/sdk/2.2.0/src/rp2_common/pico_stdio_usb/reset_interface.c.o
                0x10007bfc                tud_descriptor_bos_cb
 .text.tud_vendor_control_xfer_cb
                0x10007c04       0x38 src/CMakeFiles/final.dir/home/dark/.pico-sdk/sdk/2.2.0/src/rp2_common/pico_stdio_usb/reset_interface.c.o
                0x10007c04                tud_vendor_control_xfer_cb
 .text.usbd_app_driver_get_cb
                0x10007c3c        0xc src/CMakeFiles/final.dir/home/dark/.pico-sdk/sdk/2.2.0/src/rp2_common/pico_stdio_usb/reset_interface.c.o
                0x10007c3c                usbd_app_driver_get_cb
 .text.tud_cdc_line_coding_cb
                0x10007c48       0x2c src/CMakeFiles/final.dir/home/dark/.pico-sdk/sdk/2.2.0/src/rp2_common/pico_stdio_usb/reset_interface.c.o
                0x10007c48                tud_cdc_line_coding_cb
 .text.stdio_usb_set_chars_available_callback
                0x10007c74       0x14 src/CMakeFiles/final.dir/home/dark/.pico-sdk/sdk/2.2.0/src/rp2_common/pico_stdio_usb/stdio_usb.c.o
                0x10007c74                stdio_usb_set_chars_available_callback
 .text.stdio_usb_out_flush
                0x10007c88       0x4c src/CMakeFiles/final.dir/home/dark/.pico-sdk/sdk/2.2.0/src/rp2_common/pico_stdio_usb/stdio_usb.c.o
 .text.usb_irq  0x10007cd4       0x10 src/CMakeFiles/final.dir/home/dark/.pico-sdk/sdk/2.2.0/src/rp2_common/pico_stdio_usb/stdio_usb.c.o
 .text.timer_task
                0x10007ce4       0x6c src/CMakeFiles/final.dir/home/dark/.pico-sdk/sdk/2.2.0/src/rp2_common/pico_stdio_usb/stdio_usb.c.o
 .text.alarm_pool_add_alarm_in_us
                0x10007d50       0x40 src/CMakeFiles/final.dir/home/dark/.pico-sdk/sdk/2.2.0/src/rp2_common/pico_stdio_usb/stdio_usb.c.o
 .text.add_alarm_in_us
                0x10007d90       0x2e src/CMakeFiles/final.dir/home/dark/.pico-sdk/sdk/2.2.0/src/rp2_common/pico_stdio_usb/stdio_usb.c.o
 *fill*         0x10007dbe        0x2 
 .text.low_priority_worker_irq
                0x10007dc0       0xa8 src/CMakeFiles/final.dir/home/dark/.pico-sdk/sdk/2.2.0/src/rp2_common/pico_stdio_usb/stdio_usb.c.o
 .text.stdio_usb_init
                0x10007e68       0xe0 src/CMakeFiles/final.dir/home/dark/.pico-sdk/sdk/2.2.0/src/rp2_common/pico_stdio_usb/stdio_usb.c.o
                0x10007e68                stdio_usb_init
 .text.stdio_usb_connected
                0x10007f48        0xa src/CMakeFiles/final.dir/home/dark/.pico-sdk/sdk/2.2.0/src/rp2_common/pico_stdio_usb/stdio_usb.c.o
                0x10007f48                stdio_usb_connected
 *fill*         0x10007f52        0x2 
 .text.stdio_usb_in_chars
                0x10007f54       0x98 src/CMakeFiles/final.dir/home/dark/.pico-sdk/sdk/2.2.0/src/rp2_common/pico_stdio_usb/stdio_usb.c.o
                0x10007f54                stdio_usb_in_chars
 .text.stdio_usb_out_chars
                0x10007fec       0xe8 src/CMakeFiles/final.dir/home/dark/.pico-sdk/sdk/2.2.0/src/rp2_common/pico_stdio_usb/stdio_usb.c.o
 .text.tud_descriptor_device_cb
                0x100080d4        0x8 src/CMakeFiles/final.dir/home/dark/.pico-sdk/sdk/2.2.0/src/rp2_common/pico_stdio_usb/stdio_usb_descriptors.c.o
                0x100080d4                tud_descriptor_device_cb
 .text.tud_descriptor_configuration_cb
                0x100080dc        0x8 src/CMakeFiles/final.dir/home/dark/.pico-sdk/sdk/2.2.0/src/rp2_common/pico_stdio_usb/stdio_usb_descriptors.c.o
                0x100080dc                tud_descriptor_configuration_cb
 .text.tud_descriptor_string_cb
                0x100080e4       0x6c src/CMakeFiles/final.dir/home/dark/.pico-sdk/sdk/2.2.0/src/rp2_common/pico_stdio_usb/stdio_usb_descriptors.c.o
                0x100080e4                tud_descriptor_string_cb
 .text._retrieve_unique_id_on_boot
                0x10008150       0x10 src/CMakeFiles/final.dir/home/dark/.pico-sdk/sdk/2.2.0/src/rp2_common/pico_unique_id/unique_id.c.o
 .text.pico_get_unique_board_id_string
                0x10008160       0x58 src/CMakeFiles/final.dir/home/dark/.pico-sdk/sdk/2.2.0/src/rp2_common/pico_unique_id/unique_id.c.o
                0x10008160                pico_get_unique_board_id_string
 .text.flash_get_unique_id
                0x100081b8       0x40 src/CMakeFiles/final.dir/home/dark/.pico-sdk/sdk/2.2.0/src/rp2_common/hardware_flash/flash.c.o
                0x100081b8                flash_get_unique_id
 .text.hw_endpoint_init
                0x100081f8       0xc0 src/CMakeFiles/final.dir/home/dark/.pico-sdk/sdk/2.2.0/lib/tinyusb/src/portable/raspberrypi/rp2040/dcd_rp2040.c.o
 .text.hw_endpoint_alloc
                0x100082b8       0x48 src/CMakeFiles/final.dir/home/dark/.pico-sdk/sdk/2.2.0/lib/tinyusb/src/portable/raspberrypi/rp2040/dcd_rp2040.c.o
 .text.hw_endpoint_open
                0x10008300       0x50 src/CMakeFiles/final.dir/home/dark/.pico-sdk/sdk/2.2.0/lib/tinyusb/src/portable/raspberrypi/rp2040/dcd_rp2040.c.o
 .text.hw_endpoint_xfer
                0x10008350       0x20 src/CMakeFiles/final.dir/home/dark/.pico-sdk/sdk/2.2.0/lib/tinyusb/src/portable/raspberrypi/rp2040/dcd_rp2040.c.o
 .text.dcd_int_enable
                0x10008370       0x2c src/CMakeFiles/final.dir/home/dark/.pico-sdk/sdk/2.2.0/lib/tinyusb/src/portable/raspberrypi/rp2040/dcd_rp2040.c.o
                0x10008370                dcd_int_enable
 .text.dcd_set_address
                0x1000839c       0x2c src/CMakeFiles/final.dir/home/dark/.pico-sdk/sdk/2.2.0/lib/tinyusb/src/portable/raspberrypi/rp2040/dcd_rp2040.c.o
                0x1000839c                dcd_set_address
 .text.dcd_connect
                0x100083c8       0x10 src/CMakeFiles/final.dir/home/dark/.pico-sdk/sdk/2.2.0/lib/tinyusb/src/portable/raspberrypi/rp2040/dcd_rp2040.c.o
                0x100083c8                dcd_connect
 .text.dcd_init
                0x100083d8       0x80 src/CMakeFiles/final.dir/home/dark/.pico-sdk/sdk/2.2.0/lib/tinyusb/src/portable/raspberrypi/rp2040/dcd_rp2040.c.o
                0x100083d8                dcd_init
 .text.dcd_sof_enable
                0x10008458       0x1c src/CMakeFiles/final.dir/home/dark/.pico-sdk/sdk/2.2.0/lib/tinyusb/src/portable/raspberrypi/rp2040/dcd_rp2040.c.o
                0x10008458                dcd_sof_enable
 .text.dcd_edpt0_status_complete
                0x10008474       0x1c src/CMakeFiles/final.dir/home/dark/.pico-sdk/sdk/2.2.0/lib/tinyusb/src/portable/raspberrypi/rp2040/dcd_rp2040.c.o
                0x10008474                dcd_edpt0_status_complete
 .text.dcd_edpt_open
                0x10008490       0x26 src/CMakeFiles/final.dir/home/dark/.pico-sdk/sdk/2.2.0/lib/tinyusb/src/portable/raspberrypi/rp2040/dcd_rp2040.c.o
                0x10008490                dcd_edpt_open
 .text.dcd_edpt_close_all
                0x100084b6        0x8 src/CMakeFiles/final.dir/home/dark/.pico-sdk/sdk/2.2.0/lib/tinyusb/src/portable/raspberrypi/rp2040/dcd_rp2040.c.o
                0x100084b6                dcd_edpt_close_all
 *fill*         0x100084be        0x2 
 .text.dcd_edpt_xfer
                0x100084c0       0x30 src/CMakeFiles/final.dir/home/dark/.pico-sdk/sdk/2.2.0/lib/tinyusb/src/portable/raspberrypi/rp2040/dcd_rp2040.c.o
                0x100084c0                dcd_edpt_xfer
 .text.dcd_edpt_stall
                0x100084f0       0x3c src/CMakeFiles/final.dir/home/dark/.pico-sdk/sdk/2.2.0/lib/tinyusb/src/portable/raspberrypi/rp2040/dcd_rp2040.c.o
                0x100084f0                dcd_edpt_stall
 .text.dcd_edpt_clear_stall
                0x1000852c       0x30 src/CMakeFiles/final.dir/home/dark/.pico-sdk/sdk/2.2.0/lib/tinyusb/src/portable/raspberrypi/rp2040/dcd_rp2040.c.o
                0x1000852c                dcd_edpt_clear_stall
 .text.unaligned_memcpy
                0x1000855c       0x14 src/CMakeFiles/final.dir/home/dark/.pico-sdk/sdk/2.2.0/lib/tinyusb/src/portable/raspberrypi/rp2040/rp2040_usb.c.o
 .text.rp2040_usb_init
                0x10008570       0x44 src/CMakeFiles/final.dir/home/dark/.pico-sdk/sdk/2.2.0/lib/tinyusb/src/portable/raspberrypi/rp2040/rp2040_usb.c.o
                0x10008570                rp2040_usb_init
 .text.hw_endpoint_xfer_start
                0x100085b4       0x60 src/CMakeFiles/final.dir/home/dark/.pico-sdk/sdk/2.2.0/lib/tinyusb/src/portable/raspberrypi/rp2040/rp2040_usb.c.o
                0x100085b4                hw_endpoint_xfer_start
 .text.configuration_reset
                0x10008614       0x84 src/CMakeFiles/final.dir/home/dark/.pico-sdk/sdk/2.2.0/lib/tinyusb/src/device/usbd.c.o
 .text.usbd_reset
                0x10008698        0xc src/CMakeFiles/final.dir/home/dark/.pico-sdk/sdk/2.2.0/lib/tinyusb/src/device/usbd.c.o
 .text.invoke_class_control
                0x100086a4       0x1a src/CMakeFiles/final.dir/home/dark/.pico-sdk/sdk/2.2.0/lib/tinyusb/src/device/usbd.c.o
 *fill*         0x100086be        0x2 
 .text.process_set_config
                0x100086c0      0x1b0 src/CMakeFiles/final.dir/home/dark/.pico-sdk/sdk/2.2.0/lib/tinyusb/src/device/usbd.c.o
 .text.tud_event_hook_cb
                0x10008870        0x2 src/CMakeFiles/final.dir/home/dark/.pico-sdk/sdk/2.2.0/lib/tinyusb/src/device/usbd.c.o
                0x10008870                tud_event_hook_cb
 .text.tud_sof_cb
                0x10008872        0x2 src/CMakeFiles/final.dir/home/dark/.pico-sdk/sdk/2.2.0/lib/tinyusb/src/device/usbd.c.o
                0x10008872                tud_sof_cb
 .text.tud_descriptor_device_qualifier_cb
                0x10008874        0x4 src/CMakeFiles/final.dir/home/dark/.pico-sdk/sdk/2.2.0/lib/tinyusb/src/device/usbd.c.o
                0x10008874                tud_descriptor_device_qualifier_cb
 .text.tud_descriptor_other_speed_configuration_cb
                0x10008878        0x4 src/CMakeFiles/final.dir/home/dark/.pico-sdk/sdk/2.2.0/lib/tinyusb/src/device/usbd.c.o
                0x10008878                tud_descriptor_other_speed_configuration_cb
 .text.process_get_descriptor
                0x1000887c       0xe0 src/CMakeFiles/final.dir/home/dark/.pico-sdk/sdk/2.2.0/lib/tinyusb/src/device/usbd.c.o
 .text.tud_mount_cb
                0x1000895c        0x2 src/CMakeFiles/final.dir/home/dark/.pico-sdk/sdk/2.2.0/lib/tinyusb/src/device/usbd.c.o
                0x1000895c                tud_mount_cb
 .text.tud_umount_cb
                0x1000895e        0x2 src/CMakeFiles/final.dir/home/dark/.pico-sdk/sdk/2.2.0/lib/tinyusb/src/device/usbd.c.o
                0x1000895e                tud_umount_cb
 .text.tud_suspend_cb
                0x10008960        0x2 src/CMakeFiles/final.dir/home/dark/.pico-sdk/sdk/2.2.0/lib/tinyusb/src/device/usbd.c.o
                0x10008960                tud_suspend_cb
 .text.tud_resume_cb
                0x10008962        0x2 src/CMakeFiles/final.dir/home/dark/.pico-sdk/sdk/2.2.0/lib/tinyusb/src/device/usbd.c.o
                0x10008962                tud_resume_cb
 .text.tud_mounted
                0x10008964       0x10 src/CMakeFiles/final.dir/home/dark/.pico-sdk/sdk/2.2.0/lib/tinyusb/src/device/usbd.c.o
                0x10008964                tud_mounted
 .text.tud_suspended
                0x10008974       0x10 src/CMakeFiles/final.dir/home/dark/.pico-sdk/sdk/2.2.0/lib/tinyusb/src/device/usbd.c.o
                0x10008974                tud_suspended
 .text.tud_inited
                0x10008984       0x14 src/CMakeFiles/final.dir/home/dark/.pico-sdk/sdk/2.2.0/lib/tinyusb/src/device/usbd.c.o
                0x10008984                tud_inited
 .text.tud_rhport_init
                0x10008998      0x100 src/CMakeFiles/final.dir/home/dark/.pico-sdk/sdk/2.2.0/lib/tinyusb/src/device/usbd.c.o
                0x10008998                tud_rhport_init
 .text.usbd_edpt_open
                0x10008a98       0x60 src/CMakeFiles/final.dir/home/dark/.pico-sdk/sdk/2.2.0/lib/tinyusb/src/device/usbd.c.o
                0x10008a98                usbd_edpt_open
 .text.usbd_open_edpt_pair
                0x10008af8       0x88 src/CMakeFiles/final.dir/home/dark/.pico-sdk/sdk/2.2.0/lib/tinyusb/src/device/usbd.c.o
                0x10008af8                usbd_open_edpt_pair
 .text.usbd_edpt_claim
                0x10008b80       0x28 src/CMakeFiles/final.dir/home/dark/.pico-sdk/sdk/2.2.0/lib/tinyusb/src/device/usbd.c.o
                0x10008b80                usbd_edpt_claim
 .text.usbd_edpt_release
                0x10008ba8       0x28 src/CMakeFiles/final.dir/home/dark/.pico-sdk/sdk/2.2.0/lib/tinyusb/src/device/usbd.c.o
                0x10008ba8                usbd_edpt_release
 .text.usbd_edpt_xfer
                0x10008bd0       0x88 src/CMakeFiles/final.dir/home/dark/.pico-sdk/sdk/2.2.0/lib/tinyusb/src/device/usbd.c.o
                0x10008bd0                usbd_edpt_xfer
 .text.usbd_edpt_stall
                0x10008c58       0x34 src/CMakeFiles/final.dir/home/dark/.pico-sdk/sdk/2.2.0/lib/tinyusb/src/device/usbd.c.o
                0x10008c58                usbd_edpt_stall
 .text.usbd_edpt_clear_stall
                0x10008c8c       0x34 src/CMakeFiles/final.dir/home/dark/.pico-sdk/sdk/2.2.0/lib/tinyusb/src/device/usbd.c.o
                0x10008c8c                usbd_edpt_clear_stall
 .text.usbd_edpt_stalled
                0x10008cc0       0x1c src/CMakeFiles/final.dir/home/dark/.pico-sdk/sdk/2.2.0/lib/tinyusb/src/device/usbd.c.o
                0x10008cc0                usbd_edpt_stalled
 .text.process_control_request
                0x10008cdc      0x384 src/CMakeFiles/final.dir/home/dark/.pico-sdk/sdk/2.2.0/lib/tinyusb/src/device/usbd.c.o
 .text.tud_task_ext
                0x10009060      0x1d0 src/CMakeFiles/final.dir/home/dark/.pico-sdk/sdk/2.2.0/lib/tinyusb/src/device/usbd.c.o
                0x10009060                tud_task_ext
 .text.status_stage_xact
                0x10009230       0x1a src/CMakeFiles/final.dir/home/dark/.pico-sdk/sdk/2.2.0/lib/tinyusb/src/device/usbd_control.c.o
 *fill*         0x1000924a        0x2 
 .text.data_stage_xact
                0x1000924c       0x60 src/CMakeFiles/final.dir/home/dark/.pico-sdk/sdk/2.2.0/lib/tinyusb/src/device/usbd_control.c.o
 .text.tud_control_status
                0x100092ac       0x28 src/CMakeFiles/final.dir/home/dark/.pico-sdk/sdk/2.2.0/lib/tinyusb/src/device/usbd_control.c.o
                0x100092ac                tud_control_status
 .text.tud_control_xfer
                0x100092d4       0x98 src/CMakeFiles/final.dir/home/dark/.pico-sdk/sdk/2.2.0/lib/tinyusb/src/device/usbd_control.c.o
                0x100092d4                tud_control_xfer
 .text.usbd_control_reset
                0x1000936c       0x14 src/CMakeFiles/final.dir/home/dark/.pico-sdk/sdk/2.2.0/lib/tinyusb/src/device/usbd_control.c.o
                0x1000936c                usbd_control_reset
 .text.usbd_control_set_complete_callback
                0x10009380        0xc src/CMakeFiles/final.dir/home/dark/.pico-sdk/sdk/2.2.0/lib/tinyusb/src/device/usbd_control.c.o
                0x10009380                usbd_control_set_complete_callback
 .text.usbd_control_set_request
                0x1000938c       0x1c src/CMakeFiles/final.dir/home/dark/.pico-sdk/sdk/2.2.0/lib/tinyusb/src/device/usbd_control.c.o
                0x1000938c                usbd_control_set_request
 .text.usbd_control_xfer_cb
                0x100093a8       0xe0 src/CMakeFiles/final.dir/home/dark/.pico-sdk/sdk/2.2.0/lib/tinyusb/src/device/usbd_control.c.o
                0x100093a8                usbd_control_xfer_cb
 .text._prep_out_transaction
                0x10009488       0x94 src/CMakeFiles/final.dir/home/dark/.pico-sdk/sdk/2.2.0/lib/tinyusb/src/class/cdc/cdc_device.c.o
 .text.tud_cdc_n_connected
                0x1000951c       0x38 src/CMakeFiles/final.dir/home/dark/.pico-sdk/sdk/2.2.0/lib/tinyusb/src/class/cdc/cdc_device.c.o
                0x1000951c                tud_cdc_n_connected
 .text.tud_cdc_n_available
                0x10009554       0x18 src/CMakeFiles/final.dir/home/dark/.pico-sdk/sdk/2.2.0/lib/tinyusb/src/class/cdc/cdc_device.c.o
                0x10009554                tud_cdc_n_available
 .text.tud_cdc_n_read
                0x1000956c       0x38 src/CMakeFiles/final.dir/home/dark/.pico-sdk/sdk/2.2.0/lib/tinyusb/src/class/cdc/cdc_device.c.o
                0x1000956c                tud_cdc_n_read
 .text.tud_cdc_n_write_flush
                0x100095a4       0xb0 src/CMakeFiles/final.dir/home/dark/.pico-sdk/sdk/2.2.0/lib/tinyusb/src/class/cdc/cdc_device.c.o
                0x100095a4                tud_cdc_n_write_flush
 .text.tud_cdc_n_write
                0x10009654       0x48 src/CMakeFiles/final.dir/home/dark/.pico-sdk/sdk/2.2.0/lib/tinyusb/src/class/cdc/cdc_device.c.o
                0x10009654                tud_cdc_n_write
 .text.tud_cdc_n_write_available
                0x1000969c       0x18 src/CMakeFiles/final.dir/home/dark/.pico-sdk/sdk/2.2.0/lib/tinyusb/src/class/cdc/cdc_device.c.o
                0x1000969c                tud_cdc_n_write_available
 .text.cdcd_init
                0x100096b4       0xac src/CMakeFiles/final.dir/home/dark/.pico-sdk/sdk/2.2.0/lib/tinyusb/src/class/cdc/cdc_device.c.o
                0x100096b4                cdcd_init
 .text.cdcd_deinit
                0x10009760       0x48 src/CMakeFiles/final.dir/home/dark/.pico-sdk/sdk/2.2.0/lib/tinyusb/src/class/cdc/cdc_device.c.o
                0x10009760                cdcd_deinit
 .text.cdcd_reset
                0x100097a8       0x70 src/CMakeFiles/final.dir/home/dark/.pico-sdk/sdk/2.2.0/lib/tinyusb/src/class/cdc/cdc_device.c.o
                0x100097a8                cdcd_reset
 .text.cdcd_open
                0x10009818       0xec src/CMakeFiles/final.dir/home/dark/.pico-sdk/sdk/2.2.0/lib/tinyusb/src/class/cdc/cdc_device.c.o
                0x10009818                cdcd_open
 .text.cdcd_control_xfer_cb
                0x10009904      0x13c src/CMakeFiles/final.dir/home/dark/.pico-sdk/sdk/2.2.0/lib/tinyusb/src/class/cdc/cdc_device.c.o
                0x10009904                cdcd_control_xfer_cb
 .text.cdcd_xfer_cb
                0x10009a40      0x148 src/CMakeFiles/final.dir/home/dark/.pico-sdk/sdk/2.2.0/lib/tinyusb/src/class/cdc/cdc_device.c.o
                0x10009a40                cdcd_xfer_cb
 .text.tud_vendor_n_mounted
                0x10009b88       0x3c src/CMakeFiles/final.dir/home/dark/.pico-sdk/sdk/2.2.0/lib/tinyusb/src/class/vendor/vendor_device.c.o
                0x10009b88                tud_vendor_n_mounted
 .text.tud_vendor_n_write_flush
                0x10009bc4       0x20 src/CMakeFiles/final.dir/home/dark/.pico-sdk/sdk/2.2.0/lib/tinyusb/src/class/vendor/vendor_device.c.o
                0x10009bc4                tud_vendor_n_write_flush
 .text.vendord_init
                0x10009be4       0x9c src/CMakeFiles/final.dir/home/dark/.pico-sdk/sdk/2.2.0/lib/tinyusb/src/class/vendor/vendor_device.c.o
                0x10009be4                vendord_init
 .text.vendord_deinit
                0x10009c80       0x34 src/CMakeFiles/final.dir/home/dark/.pico-sdk/sdk/2.2.0/lib/tinyusb/src/class/vendor/vendor_device.c.o
                0x10009c80                vendord_deinit
 .text.vendord_reset
                0x10009cb4       0x50 src/CMakeFiles/final.dir/home/dark/.pico-sdk/sdk/2.2.0/lib/tinyusb/src/class/vendor/vendor_device.c.o
                0x10009cb4                vendord_reset
 .text.vendord_open
                0x10009d04      0x14c src/CMakeFiles/final.dir/home/dark/.pico-sdk/sdk/2.2.0/lib/tinyusb/src/class/vendor/vendor_device.c.o
                0x10009d04                vendord_open
 .text.vendord_xfer_cb
                0x10009e50       0xd8 src/CMakeFiles/final.dir/home/dark/.pico-sdk/sdk/2.2.0/lib/tinyusb/src/class/vendor/vendor_device.c.o
                0x10009e50                vendord_xfer_cb
 .text.tusb_rhport_init
                0x10009f28       0x78 src/CMakeFiles/final.dir/home/dark/.pico-sdk/sdk/2.2.0/lib/tinyusb/src/tusb.c.o
                0x10009f28                tusb_rhport_init
 .text.tu_edpt_claim
                0x10009fa0       0x50 src/CMakeFiles/final.dir/home/dark/.pico-sdk/sdk/2.2.0/lib/tinyusb/src/tusb.c.o
                0x10009fa0                tu_edpt_claim
 .text.tu_edpt_release
                0x10009ff0       0x38 src/CMakeFiles/final.dir/home/dark/.pico-sdk/sdk/2.2.0/lib/tinyusb/src/tusb.c.o
                0x10009ff0                tu_edpt_release
 .text.tu_edpt_validate
                0x1000a028       0xac src/CMakeFiles/final.dir/home/dark/.pico-sdk/sdk/2.2.0/lib/tinyusb/src/tusb.c.o
                0x1000a028                tu_edpt_validate
 .text.tu_edpt_bind_driver
                0x1000a0d4       0x26 src/CMakeFiles/final.dir/home/dark/.pico-sdk/sdk/2.2.0/lib/tinyusb/src/tusb.c.o
                0x1000a0d4                tu_edpt_bind_driver
 .text.tu_edpt_stream_init
                0x1000a0fa       0x62 src/CMakeFiles/final.dir/home/dark/.pico-sdk/sdk/2.2.0/lib/tinyusb/src/tusb.c.o
                0x1000a0fa                tu_edpt_stream_init
 .text.tu_edpt_stream_deinit
                0x1000a15c        0x4 src/CMakeFiles/final.dir/home/dark/.pico-sdk/sdk/2.2.0/lib/tinyusb/src/tusb.c.o
                0x1000a15c                tu_edpt_stream_deinit
 .text.tu_edpt_stream_write_zlp_if_needed
                0x1000a160       0x80 src/CMakeFiles/final.dir/home/dark/.pico-sdk/sdk/2.2.0/lib/tinyusb/src/tusb.c.o
                0x1000a160                tu_edpt_stream_write_zlp_if_needed
 .text.tu_edpt_stream_write_xfer
                0x1000a1e0       0x84 src/CMakeFiles/final.dir/home/dark/.pico-sdk/sdk/2.2.0/lib/tinyusb/src/tusb.c.o
                0x1000a1e0                tu_edpt_stream_write_xfer
 .text.tu_edpt_stream_read_xfer
                0x1000a264       0xf4 src/CMakeFiles/final.dir/home/dark/.pico-sdk/sdk/2.2.0/lib/tinyusb/src/tusb.c.o
                0x1000a264                tu_edpt_stream_read_xfer
 .text.advance_index
                0x1000a358       0x1a src/CMakeFiles/final.dir/home/dark/.pico-sdk/sdk/2.2.0/lib/tinyusb/src/common/tusb_fifo.c.o
 .text._tu_fifo_peek
                0x1000a372       0x56 src/CMakeFiles/final.dir/home/dark/.pico-sdk/sdk/2.2.0/lib/tinyusb/src/common/tusb_fifo.c.o
 .text._ff_pull_n
                0x1000a3c8       0x68 src/CMakeFiles/final.dir/home/dark/.pico-sdk/sdk/2.2.0/lib/tinyusb/src/common/tusb_fifo.c.o
 .text._tu_fifo_peek_n
                0x1000a430       0x6a src/CMakeFiles/final.dir/home/dark/.pico-sdk/sdk/2.2.0/lib/tinyusb/src/common/tusb_fifo.c.o
 .text._tu_fifo_read_n
                0x1000a49a       0x4e src/CMakeFiles/final.dir/home/dark/.pico-sdk/sdk/2.2.0/lib/tinyusb/src/common/tusb_fifo.c.o
 .text._ff_push_n
                0x1000a4e8       0x68 src/CMakeFiles/final.dir/home/dark/.pico-sdk/sdk/2.2.0/lib/tinyusb/src/common/tusb_fifo.c.o
 .text._tu_fifo_write_n
                0x1000a550       0xf0 src/CMakeFiles/final.dir/home/dark/.pico-sdk/sdk/2.2.0/lib/tinyusb/src/common/tusb_fifo.c.o
 .text.tu_fifo_config
                0x1000a640       0x7c src/CMakeFiles/final.dir/home/dark/.pico-sdk/sdk/2.2.0/lib/tinyusb/src/common/tusb_fifo.c.o
                0x1000a640                tu_fifo_config
 .text.tu_fifo_count
                0x1000a6bc       0x2c src/CMakeFiles/final.dir/home/dark/.pico-sdk/sdk/2.2.0/lib/tinyusb/src/common/tusb_fifo.c.o
                0x1000a6bc                tu_fifo_count
 .text.tu_fifo_empty
                0x1000a6e8        0xe src/CMakeFiles/final.dir/home/dark/.pico-sdk/sdk/2.2.0/lib/tinyusb/src/common/tusb_fifo.c.o
                0x1000a6e8                tu_fifo_empty
 .text.tu_fifo_full
                0x1000a6f6       0x2a src/CMakeFiles/final.dir/home/dark/.pico-sdk/sdk/2.2.0/lib/tinyusb/src/common/tusb_fifo.c.o
                0x1000a6f6                tu_fifo_full
 .text.tu_fifo_remaining
                0x1000a720       0x2e src/CMakeFiles/final.dir/home/dark/.pico-sdk/sdk/2.2.0/lib/tinyusb/src/common/tusb_fifo.c.o
                0x1000a720                tu_fifo_remaining
 .text.tu_fifo_read
                0x1000a74e       0x42 src/CMakeFiles/final.dir/home/dark/.pico-sdk/sdk/2.2.0/lib/tinyusb/src/common/tusb_fifo.c.o
                0x1000a74e                tu_fifo_read
 .text.tu_fifo_read_n
                0x1000a790        0xa src/CMakeFiles/final.dir/home/dark/.pico-sdk/sdk/2.2.0/lib/tinyusb/src/common/tusb_fifo.c.o
                0x1000a790                tu_fifo_read_n
 .text.tu_fifo_write
                0x1000a79a       0x64 src/CMakeFiles/final.dir/home/dark/.pico-sdk/sdk/2.2.0/lib/tinyusb/src/common/tusb_fifo.c.o
                0x1000a79a                tu_fifo_write
 .text.tu_fifo_write_n
                0x1000a7fe        0xa src/CMakeFiles/final.dir/home/dark/.pico-sdk/sdk/2.2.0/lib/tinyusb/src/common/tusb_fifo.c.o
                0x1000a7fe                tu_fifo_write_n
 .text.tu_fifo_clear
                0x1000a808       0x3e src/CMakeFiles/final.dir/home/dark/.pico-sdk/sdk/2.2.0/lib/tinyusb/src/common/tusb_fifo.c.o
                0x1000a808                tu_fifo_clear
 .text.tu_fifo_set_overwritable
                0x1000a846       0x46 src/CMakeFiles/final.dir/home/dark/.pico-sdk/sdk/2.2.0/lib/tinyusb/src/common/tusb_fifo.c.o
                0x1000a846                tu_fifo_set_overwritable
 .text.prvHeapInit
                0x1000a88c       0x58 src/CMakeFiles/final.dir/__/lib/FreeRTOS-Kernel/portable/MemMang/heap_4.c.o
 .text.prvInsertBlockIntoFreeList
                0x1000a8e4       0x88 src/CMakeFiles/final.dir/__/lib/FreeRTOS-Kernel/portable/MemMang/heap_4.c.o
 .text.pvPortMalloc
                0x1000a96c      0x188 src/CMakeFiles/final.dir/__/lib/FreeRTOS-Kernel/portable/MemMang/heap_4.c.o
                0x1000a96c                pvPortMalloc
 .text.vPortFree
                0x1000aaf4       0xa4 src/CMakeFiles/final.dir/__/lib/FreeRTOS-Kernel/portable/MemMang/heap_4.c.o
                0x1000aaf4                vPortFree
 .text.vPortSVCHandler
                0x1000ab98        0x2 src/CMakeFiles/final.dir/__/lib/FreeRTOS-Kernel/portable/ThirdParty/GCC/RP2040/port.c.o
                0x1000ab98                vPortSVCHandler
 *fill*         0x1000ab9a        0x6 
 .text.vPortStartFirstTask
                0x1000aba0       0x34 src/CMakeFiles/final.dir/__/lib/FreeRTOS-Kernel/portable/ThirdParty/GCC/RP2040/port.c.o
 *fill*         0x1000abd4        0xc 
 .text.xPortPendSVHandler
                0x1000abe0       0x64 src/CMakeFiles/final.dir/__/lib/FreeRTOS-Kernel/portable/ThirdParty/GCC/RP2040/port.c.o
                0x1000abe0                xPortPendSVHandler
 .text.prvTaskExitError
                0x1000ac44        0x6 src/CMakeFiles/final.dir/__/lib/FreeRTOS-Kernel/portable/ThirdParty/GCC/RP2040/port.c.o
 *fill*         0x1000ac4a        0x2 
 .text.prvFIFOInterruptHandler
                0x1000ac4c       0x78 src/CMakeFiles/final.dir/__/lib/FreeRTOS-Kernel/portable/ThirdParty/GCC/RP2040/port.c.o
 .text.prvGetTicksToWaitBefore
                0x1000acc4       0x40 src/CMakeFiles/final.dir/__/lib/FreeRTOS-Kernel/portable/ThirdParty/GCC/RP2040/port.c.o
 .text.pxPortInitialiseStack
                0x1000ad04       0x24 src/CMakeFiles/final.dir/__/lib/FreeRTOS-Kernel/portable/ThirdParty/GCC/RP2040/port.c.o
                0x1000ad04                pxPortInitialiseStack
 .text.vPortYield
                0x1000ad28       0x40 src/CMakeFiles/final.dir/__/lib/FreeRTOS-Kernel/portable/ThirdParty/GCC/RP2040/port.c.o
                0x1000ad28                vPortYield
 .text.vPortEnterCritical
                0x1000ad68       0x18 src/CMakeFiles/final.dir/__/lib/FreeRTOS-Kernel/portable/ThirdParty/GCC/RP2040/port.c.o
                0x1000ad68                vPortEnterCritical
 .text.vPortEnableInterrupts
                0x1000ad80       0x28 src/CMakeFiles/final.dir/__/lib/FreeRTOS-Kernel/portable/ThirdParty/GCC/RP2040/port.c.o
                0x1000ad80                vPortEnableInterrupts
 .text.vPortExitCritical
                0x1000ada8       0x3c src/CMakeFiles/final.dir/__/lib/FreeRTOS-Kernel/portable/ThirdParty/GCC/RP2040/port.c.o
                0x1000ada8                vPortExitCritical
 .text.ulSetInterruptMaskFromISR
                0x1000ade4        0x8 src/CMakeFiles/final.dir/__/lib/FreeRTOS-Kernel/portable/ThirdParty/GCC/RP2040/port.c.o
                0x1000ade4                ulSetInterruptMaskFromISR
 .text.vClearInterruptMaskFromISR
                0x1000adec        0x6 src/CMakeFiles/final.dir/__/lib/FreeRTOS-Kernel/portable/ThirdParty/GCC/RP2040/port.c.o
                0x1000adec                vClearInterruptMaskFromISR
 *fill*         0x1000adf2        0x2 
 .text.xPortSysTickHandler
                0x1000adf4       0x24 src/CMakeFiles/final.dir/__/lib/FreeRTOS-Kernel/portable/ThirdParty/GCC/RP2040/port.c.o
                0x1000adf4                xPortSysTickHandler
 .text.vPortSetupTimerInterrupt
                0x1000ae18       0x34 src/CMakeFiles/final.dir/__/lib/FreeRTOS-Kernel/portable/ThirdParty/GCC/RP2040/port.c.o
                0x1000ae18                vPortSetupTimerInterrupt
 .text.xPortStartScheduler
                0x1000ae4c       0x9c src/CMakeFiles/final.dir/__/lib/FreeRTOS-Kernel/portable/ThirdParty/GCC/RP2040/port.c.o
                0x1000ae4c                xPortStartScheduler
 .text.ulPortLockGetCurrentOwnerId
                0x1000aee8       0x2c src/CMakeFiles/final.dir/__/lib/FreeRTOS-Kernel/portable/ThirdParty/GCC/RP2040/port.c.o
                0x1000aee8                ulPortLockGetCurrentOwnerId
 .text.vPortLockInternalSpinUnlockWithWait
                0x1000af14       0xc8 src/CMakeFiles/final.dir/__/lib/FreeRTOS-Kernel/portable/ThirdParty/GCC/RP2040/port.c.o
                0x1000af14                vPortLockInternalSpinUnlockWithWait
 .text.vPortLockInternalSpinUnlockWithNotify
                0x1000afdc       0xd0 src/CMakeFiles/final.dir/__/lib/FreeRTOS-Kernel/portable/ThirdParty/GCC/RP2040/port.c.o
                0x1000afdc                vPortLockInternalSpinUnlockWithNotify
 .text.xPortLockInternalSpinUnlockWithBestEffortWaitOrTimeout
                0x1000b0ac      0x114 src/CMakeFiles/final.dir/__/lib/FreeRTOS-Kernel/portable/ThirdParty/GCC/RP2040/port.c.o
                0x1000b0ac                xPortLockInternalSpinUnlockWithBestEffortWaitOrTimeout
 .text.prvRuntimeInitializer
                0x1000b1c0       0x28 src/CMakeFiles/final.dir/__/lib/FreeRTOS-Kernel/portable/ThirdParty/GCC/RP2040/port.c.o
 .text.prvTestWaitCondition
                0x1000b1e8       0x1e src/CMakeFiles/final.dir/__/lib/FreeRTOS-Kernel/event_groups.c.o
 .text.xEventGroupCreate
                0x1000b206       0x18 src/CMakeFiles/final.dir/__/lib/FreeRTOS-Kernel/event_groups.c.o
                0x1000b206                xEventGroupCreate
 *fill*         0x1000b21e        0x2 
 .text.xEventGroupWaitBits
                0x1000b220      0x120 src/CMakeFiles/final.dir/__/lib/FreeRTOS-Kernel/event_groups.c.o
                0x1000b220                xEventGroupWaitBits
 .text.xEventGroupSetBits
                0x1000b340       0x98 src/CMakeFiles/final.dir/__/lib/FreeRTOS-Kernel/event_groups.c.o
                0x1000b340                xEventGroupSetBits
 .text.vEventGroupSetBitsCallback
                0x1000b3d8        0x8 src/CMakeFiles/final.dir/__/lib/FreeRTOS-Kernel/event_groups.c.o
                0x1000b3d8                vEventGroupSetBitsCallback
 .text.xEventGroupSetBitsFromISR
                0x1000b3e0       0x18 src/CMakeFiles/final.dir/__/lib/FreeRTOS-Kernel/event_groups.c.o
                0x1000b3e0                xEventGroupSetBitsFromISR
 .text.vListInitialise
                0x1000b3f8       0x16 src/CMakeFiles/final.dir/__/lib/FreeRTOS-Kernel/list.c.o
                0x1000b3f8                vListInitialise
 .text.vListInitialiseItem
                0x1000b40e        0x6 src/CMakeFiles/final.dir/__/lib/FreeRTOS-Kernel/list.c.o
                0x1000b40e                vListInitialiseItem
 .text.vListInsert
                0x1000b414       0x2e src/CMakeFiles/final.dir/__/lib/FreeRTOS-Kernel/list.c.o
                0x1000b414                vListInsert
 .text.uxListRemove
                0x1000b442       0x26 src/CMakeFiles/final.dir/__/lib/FreeRTOS-Kernel/list.c.o
                0x1000b442                uxListRemove
 .text.prvIsQueueEmpty
                0x1000b468       0x1c src/CMakeFiles/final.dir/__/lib/FreeRTOS-Kernel/queue.c.o
 .text.prvCopyDataToQueue
                0x1000b484       0x7e src/CMakeFiles/final.dir/__/lib/FreeRTOS-Kernel/queue.c.o
 .text.prvCopyDataFromQueue
                0x1000b502       0x24 src/CMakeFiles/final.dir/__/lib/FreeRTOS-Kernel/queue.c.o
 *fill*         0x1000b526        0x2 
 .text.prvNotifyQueueSetContainer
                0x1000b528       0xa8 src/CMakeFiles/final.dir/__/lib/FreeRTOS-Kernel/queue.c.o
 .text.prvUnlockQueue
                0x1000b5d0       0x88 src/CMakeFiles/final.dir/__/lib/FreeRTOS-Kernel/queue.c.o
 .text.xQueueGenericReset
                0x1000b658       0xd4 src/CMakeFiles/final.dir/__/lib/FreeRTOS-Kernel/queue.c.o
                0x1000b658                xQueueGenericReset
 .text.prvInitialiseNewQueue
                0x1000b72c       0x26 src/CMakeFiles/final.dir/__/lib/FreeRTOS-Kernel/queue.c.o
 *fill*         0x1000b752        0x2 
 .text.xQueueGenericCreate
                0x1000b754       0x88 src/CMakeFiles/final.dir/__/lib/FreeRTOS-Kernel/queue.c.o
                0x1000b754                xQueueGenericCreate
 .text.xQueueGenericSendFromISR
                0x1000b7dc      0x13c src/CMakeFiles/final.dir/__/lib/FreeRTOS-Kernel/queue.c.o
                0x1000b7dc                xQueueGenericSendFromISR
 .text.xQueueReceive
                0x1000b918      0x14c src/CMakeFiles/final.dir/__/lib/FreeRTOS-Kernel/queue.c.o
                0x1000b918                xQueueReceive
 .text.vQueueAddToRegistry
                0x1000ba64       0x68 src/CMakeFiles/final.dir/__/lib/FreeRTOS-Kernel/queue.c.o
                0x1000ba64                vQueueAddToRegistry
 .text.vQueueWaitForMessageRestricted
                0x1000bacc       0x50 src/CMakeFiles/final.dir/__/lib/FreeRTOS-Kernel/queue.c.o
                0x1000bacc                vQueueWaitForMessageRestricted
 .text.prvResetNextTaskUnblockTime
                0x1000bb1c       0x2c src/CMakeFiles/final.dir/__/lib/FreeRTOS-Kernel/tasks.c.o
 .text.prvDeleteTCB
                0x1000bb48       0x12 src/CMakeFiles/final.dir/__/lib/FreeRTOS-Kernel/tasks.c.o
 *fill*         0x1000bb5a        0x2 
 .text.prvInitialiseNewTask
                0x1000bb5c       0xb0 src/CMakeFiles/final.dir/__/lib/FreeRTOS-Kernel/tasks.c.o
 .text.prvInitialiseTaskLists
                0x1000bc0c       0x68 src/CMakeFiles/final.dir/__/lib/FreeRTOS-Kernel/tasks.c.o
 .text.prvAddNewTaskToReadyList
                0x1000bc74       0xc4 src/CMakeFiles/final.dir/__/lib/FreeRTOS-Kernel/tasks.c.o
 .text.prvCheckTasksWaitingTermination
                0x1000bd38       0x44 src/CMakeFiles/final.dir/__/lib/FreeRTOS-Kernel/tasks.c.o
 .text.prvIdleTask
                0x1000bd7c       0x18 src/CMakeFiles/final.dir/__/lib/FreeRTOS-Kernel/tasks.c.o
 .text.prvAddCurrentTaskToDelayedList
                0x1000bd94       0x9c src/CMakeFiles/final.dir/__/lib/FreeRTOS-Kernel/tasks.c.o
 .text.xTaskCreate
                0x1000be30       0x62 src/CMakeFiles/final.dir/__/lib/FreeRTOS-Kernel/tasks.c.o
                0x1000be30                xTaskCreate
 *fill*         0x1000be92        0x2 
 .text.prvCreateIdleTasks
                0x1000be94       0x28 src/CMakeFiles/final.dir/__/lib/FreeRTOS-Kernel/tasks.c.o
 .text.vTaskStartScheduler
                0x1000bebc       0x64 src/CMakeFiles/final.dir/__/lib/FreeRTOS-Kernel/tasks.c.o
                0x1000bebc                vTaskStartScheduler
 .text.vTaskSuspendAll